Archive member included to satisfy reference by file (symbol)

/home/royivri/st/stm32cubeclt_1.19.0/GNU-tools-for-STM32/bin/../lib/gcc/arm-none-eabi/13.3.1/../../../../arm-none-eabi/lib/thumb/v7-m/nofp/libc_nano.a(libc_a-exit.o)
                              /home/royivri/st/stm32cubeclt_1.19.0/GNU-tools-for-STM32/bin/../lib/gcc/arm-none-eabi/13.3.1/../../../../arm-none-eabi/lib/thumb/v7-m/nofp/crt0.o (exit)
/home/royivri/st/stm32cubeclt_1.19.0/GNU-tools-for-STM32/bin/../lib/gcc/arm-none-eabi/13.3.1/../../../../arm-none-eabi/lib/thumb/v7-m/nofp/libc_nano.a(libc_a-findfp.o)
                              /home/royivri/st/stm32cubeclt_1.19.0/GNU-tools-for-STM32/bin/../lib/gcc/arm-none-eabi/13.3.1/../../../../arm-none-eabi/lib/thumb/v7-m/nofp/libc_nano.a(libc_a-exit.o) (__stdio_exit_handler)
/home/royivri/st/stm32cubeclt_1.19.0/GNU-tools-for-STM32/bin/../lib/gcc/arm-none-eabi/13.3.1/../../../../arm-none-eabi/lib/thumb/v7-m/nofp/libc_nano.a(libc_a-fwalk.o)
                              /home/royivri/st/stm32cubeclt_1.19.0/GNU-tools-for-STM32/bin/../lib/gcc/arm-none-eabi/13.3.1/../../../../arm-none-eabi/lib/thumb/v7-m/nofp/libc_nano.a(libc_a-findfp.o) (_fwalk_sglue)
/home/royivri/st/stm32cubeclt_1.19.0/GNU-tools-for-STM32/bin/../lib/gcc/arm-none-eabi/13.3.1/../../../../arm-none-eabi/lib/thumb/v7-m/nofp/libc_nano.a(libc_a-stdio.o)
                              /home/royivri/st/stm32cubeclt_1.19.0/GNU-tools-for-STM32/bin/../lib/gcc/arm-none-eabi/13.3.1/../../../../arm-none-eabi/lib/thumb/v7-m/nofp/libc_nano.a(libc_a-findfp.o) (__sread)
/home/royivri/st/stm32cubeclt_1.19.0/GNU-tools-for-STM32/bin/../lib/gcc/arm-none-eabi/13.3.1/../../../../arm-none-eabi/lib/thumb/v7-m/nofp/libc_nano.a(libc_a-memset.o)
                              /home/royivri/st/stm32cubeclt_1.19.0/GNU-tools-for-STM32/bin/../lib/gcc/arm-none-eabi/13.3.1/../../../../arm-none-eabi/lib/thumb/v7-m/nofp/crt0.o (memset)
/home/royivri/st/stm32cubeclt_1.19.0/GNU-tools-for-STM32/bin/../lib/gcc/arm-none-eabi/13.3.1/../../../../arm-none-eabi/lib/thumb/v7-m/nofp/libc_nano.a(libc_a-closer.o)
                              /home/royivri/st/stm32cubeclt_1.19.0/GNU-tools-for-STM32/bin/../lib/gcc/arm-none-eabi/13.3.1/../../../../arm-none-eabi/lib/thumb/v7-m/nofp/libc_nano.a(libc_a-stdio.o) (_close_r)
/home/royivri/st/stm32cubeclt_1.19.0/GNU-tools-for-STM32/bin/../lib/gcc/arm-none-eabi/13.3.1/../../../../arm-none-eabi/lib/thumb/v7-m/nofp/libc_nano.a(libc_a-reent.o)
                              /home/royivri/st/stm32cubeclt_1.19.0/GNU-tools-for-STM32/bin/../lib/gcc/arm-none-eabi/13.3.1/../../../../arm-none-eabi/lib/thumb/v7-m/nofp/libc_nano.a(libc_a-closer.o) (errno)
/home/royivri/st/stm32cubeclt_1.19.0/GNU-tools-for-STM32/bin/../lib/gcc/arm-none-eabi/13.3.1/../../../../arm-none-eabi/lib/thumb/v7-m/nofp/libc_nano.a(libc_a-impure.o)
                              /home/royivri/st/stm32cubeclt_1.19.0/GNU-tools-for-STM32/bin/../lib/gcc/arm-none-eabi/13.3.1/../../../../arm-none-eabi/lib/thumb/v7-m/nofp/libc_nano.a(libc_a-reent.o) (_impure_ptr)
/home/royivri/st/stm32cubeclt_1.19.0/GNU-tools-for-STM32/bin/../lib/gcc/arm-none-eabi/13.3.1/../../../../arm-none-eabi/lib/thumb/v7-m/nofp/libc_nano.a(libc_a-lseekr.o)
                              /home/royivri/st/stm32cubeclt_1.19.0/GNU-tools-for-STM32/bin/../lib/gcc/arm-none-eabi/13.3.1/../../../../arm-none-eabi/lib/thumb/v7-m/nofp/libc_nano.a(libc_a-stdio.o) (_lseek_r)
/home/royivri/st/stm32cubeclt_1.19.0/GNU-tools-for-STM32/bin/../lib/gcc/arm-none-eabi/13.3.1/../../../../arm-none-eabi/lib/thumb/v7-m/nofp/libc_nano.a(libc_a-readr.o)
                              /home/royivri/st/stm32cubeclt_1.19.0/GNU-tools-for-STM32/bin/../lib/gcc/arm-none-eabi/13.3.1/../../../../arm-none-eabi/lib/thumb/v7-m/nofp/libc_nano.a(libc_a-stdio.o) (_read_r)
/home/royivri/st/stm32cubeclt_1.19.0/GNU-tools-for-STM32/bin/../lib/gcc/arm-none-eabi/13.3.1/../../../../arm-none-eabi/lib/thumb/v7-m/nofp/libc_nano.a(libc_a-writer.o)
                              /home/royivri/st/stm32cubeclt_1.19.0/GNU-tools-for-STM32/bin/../lib/gcc/arm-none-eabi/13.3.1/../../../../arm-none-eabi/lib/thumb/v7-m/nofp/libc_nano.a(libc_a-stdio.o) (_write_r)
/home/royivri/st/stm32cubeclt_1.19.0/GNU-tools-for-STM32/bin/../lib/gcc/arm-none-eabi/13.3.1/../../../../arm-none-eabi/lib/thumb/v7-m/nofp/libc_nano.a(libc_a-errno.o)
                              ./Core/Src/syscalls.o (__errno)
/home/royivri/st/stm32cubeclt_1.19.0/GNU-tools-for-STM32/bin/../lib/gcc/arm-none-eabi/13.3.1/../../../../arm-none-eabi/lib/thumb/v7-m/nofp/libc_nano.a(libc_a-init.o)
                              /home/royivri/st/stm32cubeclt_1.19.0/GNU-tools-for-STM32/bin/../lib/gcc/arm-none-eabi/13.3.1/../../../../arm-none-eabi/lib/thumb/v7-m/nofp/crt0.o (__libc_init_array)
/home/royivri/st/stm32cubeclt_1.19.0/GNU-tools-for-STM32/bin/../lib/gcc/arm-none-eabi/13.3.1/../../../../arm-none-eabi/lib/thumb/v7-m/nofp/libc_nano.a(libc_a-lock.o)
[...]
Memory Configuration

Name             Origin             Length             Attributes
RAM              0x20000000         0x00005000         xrw
FLASH            0x08000000         0x00010000         xr
*default*        0x00000000         0xffffffff

Linker script and memory map

LOAD /home/royivri/st/stm32cubeclt_1.19.0/GNU-tools-for-STM32/bin/../lib/gcc/arm-none-eabi/13.3.1/thumb/v7-m/nofp/crti.o
LOAD /home/royivri/st/stm32cubeclt_1.19.0/GNU-tools-for-STM32/bin/../lib/gcc/arm-none-eabi/13.3.1/thumb/v7-m/nofp/crtbegin.o
LOAD /home/royivri/st/stm32cubeclt_1.19.0/GNU-tools-for-STM32/bin/../lib/gcc/arm-none-eabi/13.3.1/../../../../arm-none-eabi/lib/thumb/v7-m/nofp/crt0.o
LOAD ./Core/Src/LoRa.o
LOAD ./Core/Src/main.o
LOAD ./Core/Src/packet.o
LOAD ./Core/Src/stm32f1xx_hal_msp.o
LOAD ./Core/Src/stm32f1xx_it.o
LOAD ./Core/Src/syscalls.o
LOAD ./Core/Src/sysmem.o
LOAD ./Core/Src/system_stm32f1xx.o
LOAD ./Core/Startup/startup_stm32f103c8tx.o
LOAD ./Drivers/STM32F1xx_HAL_Driver/Src/stm32f1xx_hal.o
LOAD ./Drivers/STM32F1xx_HAL_Driver/Src/stm32f1xx_hal_cortex.o
LOAD ./Drivers/STM32F1xx_HAL_Driver/Src/stm32f1xx_hal_dma.o
LOAD ./Drivers/STM32F1xx_HAL_Driver/Src/stm32f1xx_hal_exti.o
LOAD ./Drivers/STM32F1xx_HAL_Driver/Src/stm32f1xx_hal_flash.o
LOAD ./Drivers/STM32F1xx_HAL_Driver/Src/stm32f1xx_hal_flash_ex.o
LOAD ./Drivers/STM32F1xx_HAL_Driver/Src/stm32f1xx_hal_gpio.o
LOAD ./Drivers/STM32F1xx_HAL_Driver/Src/stm32f1xx_hal_gpio_ex.o
LOAD ./Drivers/STM32F1xx_HAL_Driver/Src/stm32f1xx_hal_pwr.o
LOAD ./Drivers/STM32F1xx_HAL_Driver/Src/stm32f1xx_hal_rcc.o
LOAD ./Drivers/STM32F1xx_HAL_Driver/Src/stm32f1xx_hal_rcc_ex.o
LOAD ./Drivers/STM32F1xx_HAL_Driver/Src/stm32f1xx_hal_spi.o
START GROUP
LOAD /home/royivri/st/stm32cubeclt_1.19.0/GNU-tools-for-STM32/bin/../lib/gcc/arm-none-eabi/13.3.1/../../../../arm-none-eabi/lib/thumb/v7-m/nofp/libc_nano.a
LOAD /home/royivri/st/stm32cubeclt_1.19.0/GNU-tools-for-STM32/bin/../lib/gcc/arm-none-eabi/13.3.1/../../../../arm-none-eabi/lib/thumb/v7-m/nofp/libm.a
END GROUP
START GROUP
LOAD /home/royivri/st/stm32cubeclt_1.19.0/GNU-tools-for-STM32/bin/../lib/gcc/arm-none-eabi/13.3.1/thumb/v7-m/nofp/libgcc.a
LOAD /home/royivri/st/stm32cubeclt_1.19.0/GNU-tools-for-STM32/bin/../lib/gcc/arm-none-eabi/13.3.1/../../../../arm-none-eabi/lib/thumb/v7-m/nofp/libc_nano.a
END GROUP
START GROUP
LOAD /home/royivri/st/stm32cubeclt_1.19.0/GNU-tools-for-STM32/bin/../lib/gcc/arm-none-eabi/13.3.1/thumb/v7-m/nofp/libgcc.a
LOAD /home/royivri/st/stm32cubeclt_1.19.0/GNU-tools-for-STM32/bin/../lib/gcc/arm-none-eabi/13.3.1/../../../../arm-none-eabi/lib/thumb/v7-m/nofp/libc_nano.a
LOAD /home/royivri/st/stm32cubeclt_1.19.0/GNU-tools-for-STM32/bin/../lib/gcc/arm-none-eabi/13.3.1/../../../../arm-none-eabi/lib/thumb/v7-m/nofp/libnosys.a
END GROUP
START GROUP
LOAD /home/royivri/st/stm32cubeclt_1.19.0/GNU-tools-for-STM32/bin/../lib/gcc/arm-none-eabi/13.3.1/thumb/v7-m/nofp/libgcc.a
LOAD /home/royivri/st/stm32cubeclt_1.19.0/GNU-tools-for-STM32/bin/../lib/gcc/arm-none-eabi/13.3.1/../../../../arm-none-eabi/lib/thumb/v7-m/nofp/libc_nano.a
LOAD /home/royivri/st/stm32cubeclt_1.19.0/GNU-tools-for-STM32/bin/../lib/gcc/arm-none-eabi/13.3.1/../../../../arm-none-eabi/lib/thumb/v7-m/nofp/libnosys.a
END GROUP
LOAD /home/royivri/st/stm32cubeclt_1.19.0/GNU-tools-for-STM32/bin/../lib/gcc/arm-none-eabi/13.3.1/thumb/v7-m/nofp/crtend.o
LOAD /home/royivri/st/stm32cubeclt_1.19.0/GNU-tools-for-STM32/bin/../lib/gcc/arm-none-eabi/13.3.1/thumb/v7-m/nofp/crtn.o
                0x20005000                        _estack = (ORIGIN (RAM) + LENGTH (RAM))
                0x00000200                        _Min_Heap_Size = 0x200
                0x00000400                        _Min_Stack_Size = 0x400

.isr_vector     0x08000000      0x10c
                0x08000000                        . = ALIGN (0x4)
 *(.isr_vector)
 .isr_vector    0x08000000      0x10c ./Core/Startup/startup_stm32f103c8tx.o
                0x08000000                g_pfnVectors
                0x0800010c                        . = ALIGN (0x4)

.text           0x0800010c     0x2fa8
                0x0800010c                        . = ALIGN (0x4)
 *(.text)
 .text          0x0800010c       0x40 /home/royivri/st/stm32cubeclt_1.19.0/GNU-tools-for-STM32/bin/../lib/gcc/arm-none-eabi/13.3.1/thumb/v7-m/nofp/crtbegin.o
 .text          0x0800014c      0x378 /home/royivri/st/stm32cubeclt_1.19.0/GNU-tools-for-STM32/bin/../lib/gcc/arm-none-eabi/13.3.1/thumb/v7-m/nofp/libgcc.a(_arm_addsubdf3.o)
                0x0800014c                __aeabi_drsub
                0x08000154                __aeabi_dsub
                0x08000154                __subdf3
                0x08000158                __adddf3
                0x08000158                __aeabi_dadd
                0x080003d0                __aeabi_ui2d
                0x080003d0                __floatunsidf
                0x080003f0                __floatsidf
                0x080003f0                __aeabi_i2d
                0x08000414                __extendsfdf2
                0x08000414                __aeabi_f2d
                0x08000458                __aeabi_ul2d
                0x08000458                __floatundidf
                0x08000468                __floatdidf
                0x08000468                __aeabi_l2d
 .text          0x080004c4      0x424 /home/royivri/st/stm32cubeclt_1.19.0/GNU-tools-for-STM32/bin/../lib/gcc/arm-none-eabi/13.3.1/thumb/v7-m/nofp/libgcc.a(_arm_muldivdf3.o)
                0x080004c4                __aeabi_dmul
                0x080004c4                __muldf3
                0x08000718                __aeabi_ddiv
                0x08000718                __divdf3
 .text          0x080008e8       0x50 /home/royivri/st/stm32cubeclt_1.19.0/GNU-tools-for-STM32/bin/../lib/gcc/arm-none-eabi/13.3.1/thumb/v7-m/nofp/libgcc.a(_arm_fixdfsi.o)
                0x080008e8                __fixdfsi
                0x080008e8                __aeabi_d2iz
 *(.text*)
 .text.newLoRa  0x08000938       0x52 ./Core/Src/LoRa.o
                0x08000938                newLoRa
 .text.LoRa_gotoMode
                0x0800098a       0xc2 ./Core/Src/LoRa.o
                0x0800098a                LoRa_gotoMode
 .text.LoRa_readReg
                0x08000a4c       0x7c ./Core/Src/LoRa.o
                0x08000a4c                LoRa_readReg
 .text.LoRa_writeReg
                0x08000ac8       0x7c ./Core/Src/LoRa.o
                0x08000ac8                LoRa_writeReg
 .text.LoRa_setLowDaraRateOptimization
                0x08000b44       0x4a ./Core/Src/LoRa.o
                0x08000b44                LoRa_setLowDaraRateOptimization
 *fill*         0x08000b8e        0x2 
 .text.LoRa_setAutoLDO
                0x08000b90       0x6c ./Core/Src/LoRa.o
                0x08000b90                LoRa_setAutoLDO
 .text.LoRa_setFrequency
                0x08000bfc       0x60 ./Core/Src/LoRa.o
                0x08000bfc                LoRa_setFrequency
 .text.LoRa_setSpreadingFactor
                0x08000c5c       0x64 ./Core/Src/LoRa.o
                0x08000c5c                LoRa_setSpreadingFactor
 .text.LoRa_setPower
                0x08000cc0       0x26 ./Core/Src/LoRa.o
                0x08000cc0                LoRa_setPower
 *fill*         0x08000ce6        0x2 
 .text.LoRa_setOCP
                0x08000ce8       0x7c ./Core/Src/LoRa.o
                0x08000ce8                LoRa_setOCP
 .text.LoRa_setTOMsb_setCRCon
                0x08000d64       0x36 ./Core/Src/LoRa.o
                0x08000d64                LoRa_setTOMsb_setCRCon
 .text.LoRa_read
                0x08000d9a       0x34 ./Core/Src/LoRa.o
                0x08000d9a                LoRa_read
 .text.LoRa_write
                0x08000dce       0x3a ./Core/Src/LoRa.o
                0x08000dce                LoRa_write
 .text.LoRa_BurstWrite
                0x08000e08       0x8e ./Core/Src/LoRa.o
                0x08000e08                LoRa_BurstWrite
 .text.LoRa_isvalid
                0x08000e96       0x14 ./Core/Src/LoRa.o
                0x08000e96                LoRa_isvalid
 .text.LoRa_transmit
                0x08000eaa       0xb0 ./Core/Src/LoRa.o
                0x08000eaa                LoRa_transmit
 .text.LoRa_startReceiving
                0x08000f5a       0x18 ./Core/Src/LoRa.o
                0x08000f5a                LoRa_startReceiving
 .text.LoRa_receive
                0x08000f72       0xc0 ./Core/Src/LoRa.o
                0x08000f72                LoRa_receive
 .text.LoRa_init
                0x08001032      0x14e ./Core/Src/LoRa.o
                0x08001032                LoRa_init
 .text.main     0x08001180      0x13c ./Core/Src/main.o
                0x08001180                main
 .text.SystemClock_Config
                0x080012bc       0x76 ./Core/Src/main.o
                0x080012bc                SystemClock_Config
 *fill*         0x08001332        0x2 
 .text.MX_SPI2_Init
                0x08001334       0x6c ./Core/Src/main.o
 .text.MX_GPIO_Init
                0x080013a0      0x100 ./Core/Src/main.o
 .text.HAL_GPIO_EXTI_Callback
                0x080014a0       0x24 ./Core/Src/main.o
                0x080014a0                HAL_GPIO_EXTI_Callback
 .text.Error_Handler
                0x080014c4        0xc ./Core/Src/main.o
                0x080014c4                Error_Handler
 .text.HAL_MspInit
                0x080014d0       0x64 ./Core/Src/stm32f1xx_hal_msp.o
                0x080014d0                HAL_MspInit
 .text.HAL_SPI_MspInit
                0x08001534       0x98 ./Core/Src/stm32f1xx_hal_msp.o
                0x08001534                HAL_SPI_MspInit
 .text.NMI_Handler
                0x080015cc        0x8 ./Core/Src/stm32f1xx_it.o
                0x080015cc                NMI_Handler
 .text.HardFault_Handler
                0x080015d4        0x8 ./Core/Src/stm32f1xx_it.o
                0x080015d4                HardFault_Handler
 .text.MemManage_Handler
                0x080015dc        0x8 ./Core/Src/stm32f1xx_it.o
                0x080015dc                MemManage_Handler
 .text.BusFault_Handler
                0x080015e4        0x8 ./Core/Src/stm32f1xx_it.o
                0x080015e4                BusFault_Handler
 .text.UsageFault_Handler
                0x080015ec        0x8 ./Core/Src/stm32f1xx_it.o
                0x080015ec                UsageFault_Handler
 .text.SVC_Handler
                0x080015f4        0xc ./Core/Src/stm32f1xx_it.o
                0x080015f4                SVC_Handler
 .text.DebugMon_Handler
                0x08001600        0xc ./Core/Src/stm32f1xx_it.o
                0x08001600                DebugMon_Handler
 .text.PendSV_Handler
                0x0800160c        0xc ./Core/Src/stm32f1xx_it.o
                0x0800160c                PendSV_Handler
 .text.SysTick_Handler
                0x08001618        0xc ./Core/Src/stm32f1xx_it.o
                0x08001618                SysTick_Handler
 .text.EXTI9_5_IRQHandler
                0x08001624       0x16 ./Core/Src/stm32f1xx_it.o
                0x08001624                EXTI9_5_IRQHandler
 .text.SystemInit
                0x0800163a        0xc ./Core/Src/system_stm32f1xx.o
                0x0800163a                SystemInit
 *fill*         0x08001646        0x2 
 .text.Reset_Handler
                0x08001648       0x48 ./Core/Startup/startup_stm32f103c8tx.o
                0x08001648                Reset_Handler
 .text.Default_Handler
                0x08001690        0x2 ./Core/Startup/startup_stm32f103c8tx.o
                0x08001690                RTC_Alarm_IRQHandler
                0x08001690                EXTI2_IRQHandler
                0x08001690                TIM1_CC_IRQHandler
                0x08001690                PVD_IRQHandler
                0x08001690                EXTI3_IRQHandler
                0x08001690                EXTI0_IRQHandler
                0x08001690                I2C2_EV_IRQHandler
                0x08001690                ADC1_2_IRQHandler
                0x08001690                SPI1_IRQHandler
                0x08001690                TAMPER_IRQHandler
                0x08001690                DMA1_Channel4_IRQHandler
                0x08001690                USART3_IRQHandler
                0x08001690                RTC_IRQHandler
                0x08001690                DMA1_Channel7_IRQHandler
                0x08001690                CAN1_RX1_IRQHandler
                0x08001690                TIM4_IRQHandler
                0x08001690                I2C1_EV_IRQHandler
                0x08001690                DMA1_Channel6_IRQHandler
                0x08001690                TIM3_IRQHandler
                0x08001690                RCC_IRQHandler
                0x08001690                TIM1_TRG_COM_IRQHandler
                0x08001690                DMA1_Channel1_IRQHandler
                0x08001690                Default_Handler
                0x08001690                EXTI15_10_IRQHandler
                0x08001690                SPI2_IRQHandler
                0x08001690                DMA1_Channel5_IRQHandler
                0x08001690                EXTI4_IRQHandler
                0x08001690                USB_LP_CAN1_RX0_IRQHandler
                0x08001690                USB_HP_CAN1_TX_IRQHandler
                0x08001690                DMA1_Channel3_IRQHandler
                0x08001690                TIM1_UP_IRQHandler
                0x08001690                WWDG_IRQHandler
                0x08001690                TIM2_IRQHandler
                0x08001690                TIM1_BRK_IRQHandler
                0x08001690                EXTI1_IRQHandler
                0x08001690                USART2_IRQHandler
                0x08001690                I2C2_ER_IRQHandler
                0x08001690                DMA1_Channel2_IRQHandler
                0x08001690                CAN1_SCE_IRQHandler
                0x08001690                FLASH_IRQHandler
                0x08001690                USART1_IRQHandler
                0x08001690                I2C1_ER_IRQHandler
                0x08001690                USBWakeUp_IRQHandler
 *fill*         0x08001692        0x2 
 .text.HAL_Init
                0x08001694       0x2c ./Drivers/STM32F1xx_HAL_Driver/Src/stm32f1xx_hal.o
                0x08001694                HAL_Init
 .text.HAL_InitTick
                0x080016c0       0x60 ./Drivers/STM32F1xx_HAL_Driver/Src/stm32f1xx_hal.o
                0x080016c0                HAL_InitTick
 .text.HAL_IncTick
                0x08001720       0x24 ./Drivers/STM32F1xx_HAL_Driver/Src/stm32f1xx_hal.o
                0x08001720                HAL_IncTick
 .text.HAL_GetTick
                0x08001744       0x14 ./Drivers/STM32F1xx_HAL_Driver/Src/stm32f1xx_hal.o
                0x08001744                HAL_GetTick
 .text.HAL_Delay
                0x08001758       0x48 ./Drivers/STM32F1xx_HAL_Driver/Src/stm32f1xx_hal.o
                0x08001758                HAL_Delay
 .text.__NVIC_SetPriorityGrouping
                0x080017a0       0x48 ./Drivers/STM32F1xx_HAL_Driver/Src/stm32f1xx_hal_cortex.o
 .text.__NVIC_GetPriorityGrouping
                0x080017e8       0x1c ./Drivers/STM32F1xx_HAL_Driver/Src/stm32f1xx_hal_cortex.o
 .text.__NVIC_EnableIRQ
                0x08001804       0x38 ./Drivers/STM32F1xx_HAL_Driver/Src/stm32f1xx_hal_cortex.o
 .text.__NVIC_SetPriority
                0x0800183c       0x54 ./Drivers/STM32F1xx_HAL_Driver/Src/stm32f1xx_hal_cortex.o
 .text.NVIC_EncodePriority
                0x08001890       0x64 ./Drivers/STM32F1xx_HAL_Driver/Src/stm32f1xx_hal_cortex.o
 .text.SysTick_Config
                0x080018f4       0x44 ./Drivers/STM32F1xx_HAL_Driver/Src/stm32f1xx_hal_cortex.o
 .text.HAL_NVIC_SetPriorityGrouping
                0x08001938       0x16 ./Drivers/STM32F1xx_HAL_Driver/Src/stm32f1xx_hal_cortex.o
                0x08001938                HAL_NVIC_SetPriorityGrouping
 .text.HAL_NVIC_SetPriority
                0x0800194e       0x38 ./Drivers/STM32F1xx_HAL_Driver/Src/stm32f1xx_hal_cortex.o
                0x0800194e                HAL_NVIC_SetPriority
 .text.HAL_NVIC_EnableIRQ
                0x08001986       0x1c ./Drivers/STM32F1xx_HAL_Driver/Src/stm32f1xx_hal_cortex.o
                0x08001986                HAL_NVIC_EnableIRQ
 .text.HAL_SYSTICK_Config
                0x080019a2       0x18 ./Drivers/STM32F1xx_HAL_Driver/Src/stm32f1xx_hal_cortex.o
                0x080019a2                HAL_SYSTICK_Config
 *fill*         0x080019ba        0x2 
 .text.HAL_GPIO_Init
                0x080019bc      0x308 ./Drivers/STM32F1xx_HAL_Driver/Src/stm32f1xx_hal_gpio.o
                0x080019bc                HAL_GPIO_Init
 .text.HAL_GPIO_WritePin
                0x08001cc4       0x30 ./Drivers/STM32F1xx_HAL_Driver/Src/stm32f1xx_hal_gpio.o
                0x08001cc4                HAL_GPIO_WritePin
 .text.HAL_GPIO_EXTI_IRQHandler
                0x08001cf4       0x30 ./Drivers/STM32F1xx_HAL_Driver/Src/stm32f1xx_hal_gpio.o
                0x08001cf4                HAL_GPIO_EXTI_IRQHandler
 .text.HAL_RCC_OscConfig
                0x08001d24      0x504 ./Drivers/STM32F1xx_HAL_Driver/Src/stm32f1xx_hal_rcc.o
                0x08001d24                HAL_RCC_OscConfig
 .text.HAL_RCC_ClockConfig
                0x08002228      0x1d4 ./Drivers/STM32F1xx_HAL_Driver/Src/stm32f1xx_hal_rcc.o
                0x08002228                HAL_RCC_ClockConfig
 .text.HAL_RCC_GetSysClockFreq
                0x080023fc       0xa8 ./Drivers/STM32F1xx_HAL_Driver/Src/stm32f1xx_hal_rcc.o
                0x080023fc                HAL_RCC_GetSysClockFreq
 .text.RCC_Delay
                0x080024a4       0x3c ./Drivers/STM32F1xx_HAL_Driver/Src/stm32f1xx_hal_rcc.o
 .text.HAL_SPI_Init
                0x080024e0      0x108 ./Drivers/STM32F1xx_HAL_Driver/Src/stm32f1xx_hal_spi.o
                0x080024e0                HAL_SPI_Init
 .text.HAL_SPI_Transmit
                0x080025e8      0x288 ./Drivers/STM32F1xx_HAL_Driver/Src/stm32f1xx_hal_spi.o
                0x080025e8                HAL_SPI_Transmit
 .text.HAL_SPI_Receive
                0x08002870      0x232 ./Drivers/STM32F1xx_HAL_Driver/Src/stm32f1xx_hal_spi.o
                0x08002870                HAL_SPI_Receive
 .text.HAL_SPI_TransmitReceive
                0x08002aa2      0x352 ./Drivers/STM32F1xx_HAL_Driver/Src/stm32f1xx_hal_spi.o
                0x08002aa2                HAL_SPI_TransmitReceive
 .text.HAL_SPI_GetState
                0x08002df4       0x1a ./Drivers/STM32F1xx_HAL_Driver/Src/stm32f1xx_hal_spi.o
                0x08002df4                HAL_SPI_GetState
 *fill*         0x08002e0e        0x2 
 .text.SPI_WaitFlagStateUntilTimeout
                0x08002e10      0x110 ./Drivers/STM32F1xx_HAL_Driver/Src/stm32f1xx_hal_spi.o
 .text.SPI_EndRxTransaction
                0x08002f20       0xa4 ./Drivers/STM32F1xx_HAL_Driver/Src/stm32f1xx_hal_spi.o
 .text.SPI_EndRxTxTransaction
                0x08002fc4       0x62 ./Drivers/STM32F1xx_HAL_Driver/Src/stm32f1xx_hal_spi.o
 .text.memset   0x08003026       0x10 /home/royivri/st/stm32cubeclt_1.19.0/GNU-tools-for-STM32/bin/../lib/gcc/arm-none-eabi/13.3.1/../../../../arm-none-eabi/lib/thumb/v7-m/nofp/libc_nano.a(libc_a-memset.o)
                0x08003026                memset
 *fill*         0x08003036        0x2 
 .text.__libc_init_array
                0x08003038       0x48 /home/royivri/st/stm32cubeclt_1.19.0/GNU-tools-for-STM32/bin/../lib/gcc/arm-none-eabi/13.3.1/../../../../arm-none-eabi/lib/thumb/v7-m/nofp/libc_nano.a(libc_a-init.o)
                0x08003038                __libc_init_array
 .text.memcpy   0x08003080       0x1c /home/royivri/st/stm32cubeclt_1.19.0/GNU-tools-for-STM32/bin/../lib/gcc/arm-none-eabi/13.3.1/../../../../arm-none-eabi/lib/thumb/v7-m/nofp/libc_nano.a(libc_a-memcpy-stub.o)
                0x08003080                memcpy
 *(.glue_7)
 .glue_7        0x0800309c        0x0 linker stubs
 *(.glue_7t)
 .glue_7t       0x0800309c        0x0 linker stubs
 *(.eh_frame)
 .eh_frame      0x0800309c        0x0 /home/royivri/st/stm32cubeclt_1.19.0/GNU-tools-for-STM32/bin/../lib/gcc/arm-none-eabi/13.3.1/thumb/v7-m/nofp/crtbegin.o
 *(.init)
 .init          0x0800309c        0x4 /home/royivri/st/stm32cubeclt_1.19.0/GNU-tools-for-STM32/bin/../lib/gcc/arm-none-eabi/13.3.1/thumb/v7-m/nofp/crti.o
                0x0800309c                _init
 .init          0x080030a0        0x8 /home/royivri/st/stm32cubeclt_1.19.0/GNU-tools-for-STM32/bin/../lib/gcc/arm-none-eabi/13.3.1/thumb/v7-m/nofp/crtn.o
 *(.fini)
 .fini          0x080030a8        0x4 /home/royivri/st/stm32cubeclt_1.19.0/GNU-tools-for-STM32/bin/../lib/gcc/arm-none-eabi/13.3.1/thumb/v7-m/nofp/crti.o
                0x080030a8                _fini
 .fini          0x080030ac        0x8 /home/royivri/st/stm32cubeclt_1.19.0/GNU-tools-for-STM32/bin/../lib/gcc/arm-none-eabi/13.3.1/thumb/v7-m/nofp/crtn.o
                0x080030b4                        . = ALIGN (0x4)
                0x080030b4                        _etext = .

.vfp11_veneer   0x080030b4        0x0
 .vfp11_veneer  0x080030b4        0x0 linker stubs

.v4_bx          0x080030b4        0x0
 .v4_bx         0x080030b4        0x0 linker stubs

.iplt           0x080030b4        0x0
 .iplt          0x080030b4        0x0 /home/royivri/st/stm32cubeclt_1.19.0/GNU-tools-for-STM32/bin/../lib/gcc/arm-none-eabi/13.3.1/thumb/v7-m/nofp/crtbegin.o

.rodata         0x080030b8       0x84
                0x080030b8                        . = ALIGN (0x4)
 *(.rodata)
 .rodata        0x080030b8       0x50 ./Core/Src/LoRa.o
 .rodata        0x08003108        0xd ./Core/Src/main.o
 *(.rodata*)
 *fill*         0x08003115        0x3 
 .rodata.AHBPrescTable
                0x08003118       0x10 ./Core/Src/system_stm32f1xx.o
                0x08003118                AHBPrescTable
 .rodata.aPLLMULFactorTable.1
                0x08003128       0x10 ./Drivers/STM32F1xx_HAL_Driver/Src/stm32f1xx_hal_rcc.o
 .rodata.aPredivFactorTable.0
                0x08003138        0x2 ./Drivers/STM32F1xx_HAL_Driver/Src/stm32f1xx_hal_rcc.o
                0x0800313c                        . = ALIGN (0x4)
 *fill*         0x0800313a        0x2 

.ARM.extab      0x0800313c        0x0
                0x0800313c                        . = ALIGN (0x4)
 *(.ARM.extab* .gnu.linkonce.armextab.*)
                0x0800313c                        . = ALIGN (0x4)

.ARM            0x0800313c        0x0
                0x0800313c                        . = ALIGN (0x4)
                0x0800313c                        __exidx_start = .
 *(.ARM.exidx*)
                0x0800313c                        __exidx_end = .
                0x0800313c                        . = ALIGN (0x4)

.preinit_array  0x0800313c        0x0
                0x0800313c                        . = ALIGN (0x4)
                0x0800313c                        PROVIDE (__preinit_array_start = .)
 *(.preinit_array*)
                0x0800313c                        PROVIDE (__preinit_array_end = .)
                0x0800313c                        . = ALIGN (0x4)

.init_array     0x0800313c        0x4
                0x0800313c                        . = ALIGN (0x4)
                0x0800313c                        PROVIDE (__init_array_start = .)
 *(SORT_BY_NAME(.init_array.*))
 *(.init_array*)
 .init_array    0x0800313c        0x4 /home/royivri/st/stm32cubeclt_1.19.0/GNU-tools-for-STM32/bin/../lib/gcc/arm-none-eabi/13.3.1/thumb/v7-m/nofp/crtbegin.o
                0x08003140                        PROVIDE (__init_array_end = .)
                0x08003140                        . = ALIGN (0x4)

.fini_array     0x08003140        0x4
                0x08003140                        . = ALIGN (0x4)
                [!provide]                        PROVIDE (__fini_array_start = .)
 *(SORT_BY_NAME(.fini_array.*))
 *(.fini_array*)
 .fini_array    0x08003140        0x4 /home/royivri/st/stm32cubeclt_1.19.0/GNU-tools-for-STM32/bin/../lib/gcc/arm-none-eabi/13.3.1/thumb/v7-m/nofp/crtbegin.o
                [!provide]                        PROVIDE (__fini_array_end = .)
                0x08003144                        . = ALIGN (0x4)
                0x08003144                        _sidata = LOADADDR (.data)

.rel.dyn        0x08003144        0x0
 .rel.iplt      0x08003144        0x0 /home/royivri/st/stm32cubeclt_1.19.0/GNU-tools-for-STM32/bin/../lib/gcc/arm-none-eabi/13.3.1/thumb/v7-m/nofp/crtbegin.o

.data           0x20000000        0xc load address 0x08003144
                0x20000000                        . = ALIGN (0x4)
                0x20000000                        _sdata = .
 *(.data)
 *(.data*)
 .data.SystemCoreClock
                0x20000000        0x4 ./Core/Src/system_stm32f1xx.o
                0x20000000                SystemCoreClock
 .data.uwTickPrio
                0x20000004        0x4 ./Drivers/STM32F1xx_HAL_Driver/Src/stm32f1xx_hal.o
                0x20000004                uwTickPrio
 .data.uwTickFreq
                0x20000008        0x1 ./Drivers/STM32F1xx_HAL_Driver/Src/stm32f1xx_hal.o
                0x20000008                uwTickFreq
 *(.RamFunc)
 *(.RamFunc*)
                0x2000000c                        . = ALIGN (0x4)
 *fill*         0x20000009        0x3 
                0x2000000c                        _edata = .

.igot.plt       0x2000000c        0x0 load address 0x08003150
 .igot.plt      0x2000000c        0x0 /home/royivri/st/stm32cubeclt_1.19.0/GNU-tools-for-STM32/bin/../lib/gcc/arm-none-eabi/13.3.1/thumb/v7-m/nofp/crtbegin.o
                0x2000000c                        . = ALIGN (0x4)

.bss            0x2000000c       0xa8 load address 0x08003150
                0x2000000c                        _sbss = .
                0x2000000c                        __bss_start__ = _sbss
 *(.bss)
 .bss           0x2000000c       0x1c /home/royivri/st/stm32cubeclt_1.19.0/GNU-tools-for-STM32/bin/../lib/gcc/arm-none-eabi/13.3.1/thumb/v7-m/nofp/crtbegin.o
 *(.bss*)
 .bss.hspi2     0x20000028       0x58 ./Core/Src/main.o
                0x20000028                hspi2
 .bss.button_pressed
                0x20000080        0x1 ./Core/Src/main.o
                0x20000080                button_pressed
 *fill*         0x20000081        0x3 
 .bss.myLoRa    0x20000084       0x2c ./Core/Src/main.o
                0x20000084                myLoRa
 .bss.uwTick    0x200000b0        0x4 ./Drivers/STM32F1xx_HAL_Driver/Src/stm32f1xx_hal.o
                0x200000b0                uwTick
 *(COMMON)
                0x200000b4                        . = ALIGN (0x4)
                0x200000b4                        _ebss = .
                0x200000b4                        __bss_end__ = _ebss

._user_heap_stack
                0x200000b4      0x604 load address 0x08003150
                0x200000b8                        . = ALIGN (0x8)
 *fill*         0x200000b4        0x4 
                [!provide]                        PROVIDE (end = .)
                0x200000b8                        PROVIDE (_end = .)
                0x200002b8                        . = (. + _Min_Heap_Size)
 *fill*         0x200000b8      0x200 
                0x200006b8                        . = (. + _Min_Stack_Size)
 *fill*         0x200002b8      0x400 
                0x200006b8                        . = ALIGN (0x8)

/DISCARD/
 libc.a(*)
 libm.a(*)
 libgcc.a(*)

.ARM.attributes
                0x00000000       0x29
 *(.ARM.attributes)
 .ARM.attributes
                0x00000000       0x1d /home/royivri/st/stm32cubeclt_1.19.0/GNU-tools-for-STM32/bin/../lib/gcc/arm-none-eabi/13.3.1/thumb/v7-m/nofp/crti.o
 .ARM.attributes
                0x0000001d       0x2d /home/royivri/st/stm32cubeclt_1.19.0/GNU-tools-for-STM32/bin/../lib/gcc/arm-none-eabi/13.3.1/thumb/v7-m/nofp/crtbegin.o
 .ARM.attributes
                0x0000004a       0x2d ./Core/Src/LoRa.o
 .ARM.attributes
                0x00000077       0x2d ./Core/Src/main.o
 .ARM.attributes
                0x000000a4       0x2d ./Core/Src/stm32f1xx_hal_msp.o
 .ARM.attributes
                0x000000d1       0x2d ./Core/Src/stm32f1xx_it.o
 .ARM.attributes
                0x000000fe       0x2d ./Core/Src/system_stm32f1xx.o
 .ARM.attributes
                0x0000012b       0x21 ./Core/Startup/startup_stm32f103c8tx.o
 .ARM.attributes
                0x0000014c       0x2d ./Drivers/STM32F1xx_HAL_Driver/Src/stm32f1xx_hal.o
 .ARM.attributes
                0x00000179       0x2d ./Drivers/STM32F1xx_HAL_Driver/Src/stm32f1xx_hal_cortex.o
 .ARM.attributes
                0x000001a6       0x2d ./Drivers/STM32F1xx_HAL_Driver/Src/stm32f1xx_hal_gpio.o
 .ARM.attributes
                0x000001d3       0x2d ./Drivers/STM32F1xx_HAL_Driver/Src/stm32f1xx_hal_rcc.o
 .ARM.attributes
                0x00000200       0x2d ./Drivers/STM32F1xx_HAL_Driver/Src/stm32f1xx_hal_spi.o
 .ARM.attributes
                0x0000022d       0x2d /home/royivri/st/stm32cubeclt_1.19.0/GNU-tools-for-STM32/bin/../lib/gcc/arm-none-eabi/13.3.1/../../../../arm-none-eabi/lib/thumb/v7-m/nofp/libc_nano.a(libc_a-memset.o)
 .ARM.attributes
                0x0000025a       0x2d /home/royivri/st/stm32cubeclt_1.19.0/GNU-tools-for-STM32/bin/../lib/gcc/arm-none-eabi/13.3.1/../../../../arm-none-eabi/lib/thumb/v7-m/nofp/libc_nano.a(libc_a-init.o)
 .ARM.attributes
                0x00000287       0x2d /home/royivri/st/stm32cubeclt_1.19.0/GNU-tools-for-STM32/bin/../lib/gcc/arm-none-eabi/13.3.1/../../../../arm-none-eabi/lib/thumb/v7-m/nofp/libc_nano.a(libc_a-memcpy-stub.o)
 .ARM.attributes
                0x000002b4       0x1d /home/royivri/st/stm32cubeclt_1.19.0/GNU-tools-for-STM32/bin/../lib/gcc/arm-none-eabi/13.3.1/thumb/v7-m/nofp/libgcc.a(_arm_addsubdf3.o)
 .ARM.attributes
                0x000002d1       0x1d /home/royivri/st/stm32cubeclt_1.19.0/GNU-tools-for-STM32/bin/../lib/gcc/arm-none-eabi/13.3.1/thumb/v7-m/nofp/libgcc.a(_arm_muldivdf3.o)
 .ARM.attributes
                0x000002ee       0x1d /home/royivri/st/stm32cubeclt_1.19.0/GNU-tools-for-STM32/bin/../lib/gcc/arm-none-eabi/13.3.1/thumb/v7-m/nofp/libgcc.a(_arm_fixdfsi.o)
 .ARM.attributes
                0x0000030b       0x1d /home/royivri/st/stm32cubeclt_1.19.0/GNU-tools-for-STM32/bin/../lib/gcc/arm-none-eabi/13.3.1/thumb/v7-m/nofp/crtn.o
OUTPUT(radio.elf elf32-littlearm)
LOAD linker stubs
LOAD /home/royivri/st/stm32cubeclt_1.19.0/GNU-tools-for-STM32/bin/../lib/gcc/arm-none-eabi/13.3.1/../../../../arm-none-eabi/lib/thumb/v7-m/nofp/libc.a
LOAD /home/royivri/st/stm32cubeclt_1.19.0/GNU-tools-for-STM32/bin/../lib/gcc/arm-none-eabi/13.3.1/../../../../arm-none-eabi/lib/thumb/v7-m/nofp/libm.a
LOAD /home/royivri/st/stm32cubeclt_1.19.0/GNU-tools-for-STM32/bin/../lib/gcc/arm-none-eabi/13.3.1/thumb/v7-m/nofp/libgcc.a

.debug_info     0x00000000     0x5a12
 .debug_info    0x00000000      0xdf3 ./Core/Src/LoRa.o
 .debug_info    0x00000df3      0xd2b ./Core/Src/main.o
 .debug_info    0x00001b1e      0x81f ./Core/Src/stm32f1xx_hal_msp.o
 .debug_info    0x0000233d      0x14b ./Core/Src/stm32f1xx_it.o
 .debug_info    0x00002488      0x222 ./Core/Src/system_stm32f1xx.o
 .debug_info    0x000026aa       0x30 ./Core/Startup/startup_stm32f103c8tx.o
 .debug_info    0x000026da      0x704 ./Drivers/STM32F1xx_HAL_Driver/Src/stm32f1xx_hal.o
 .debug_info    0x00002dde      0xa87 ./Drivers/STM32F1xx_HAL_Driver/Src/stm32f1xx_hal_cortex.o
 .debug_info    0x00003865      0x5ab ./Drivers/STM32F1xx_HAL_Driver/Src/stm32f1xx_hal_gpio.o
 .debug_info    0x00003e10      0x7d5 ./Drivers/STM32F1xx_HAL_Driver/Src/stm32f1xx_hal_rcc.o
 .debug_info    0x000045e5     0x142d ./Drivers/STM32F1xx_HAL_Driver/Src/stm32f1xx_hal_spi.o

.debug_abbrev   0x00000000     0x14ce
 .debug_abbrev  0x00000000      0x28a ./Core/Src/LoRa.o
 .debug_abbrev  0x0000028a      0x2a5 ./Core/Src/main.o
 .debug_abbrev  0x0000052f      0x1ac ./Core/Src/stm32f1xx_hal_msp.o
 .debug_abbrev  0x000006db       0xa0 ./Core/Src/stm32f1xx_it.o
 .debug_abbrev  0x0000077b      0x13f ./Core/Src/system_stm32f1xx.o
 .debug_abbrev  0x000008ba       0x24 ./Core/Startup/startup_stm32f103c8tx.o
 .debug_abbrev  0x000008de      0x201 ./Drivers/STM32F1xx_HAL_Driver/Src/stm32f1xx_hal.o
 .debug_abbrev  0x00000adf      0x2f8 ./Drivers/STM32F1xx_HAL_Driver/Src/stm32f1xx_hal_cortex.o
 .debug_abbrev  0x00000dd7      0x1ca ./Drivers/STM32F1xx_HAL_Driver/Src/stm32f1xx_hal_gpio.o
 .debug_abbrev  0x00000fa1      0x2b3 ./Drivers/STM32F1xx_HAL_Driver/Src/stm32f1xx_hal_rcc.o
 .debug_abbrev  0x00001254      0x27a ./Drivers/STM32F1xx_HAL_Driver/Src/stm32f1xx_hal_spi.o

.debug_aranges  0x00000000      0x690
 .debug_aranges
                0x00000000       0xc8 ./Core/Src/LoRa.o
 .debug_aranges
                0x000000c8       0x48 ./Core/Src/main.o
 .debug_aranges
                0x00000110       0x30 ./Core/Src/stm32f1xx_hal_msp.o
 .debug_aranges
                0x00000140       0x68 ./Core/Src/stm32f1xx_it.o
 .debug_aranges
                0x000001a8       0x28 ./Core/Src/system_stm32f1xx.o
 .debug_aranges
                0x000001d0       0x28 ./Core/Startup/startup_stm32f103c8tx.o
 .debug_aranges
                0x000001f8       0xe0 ./Drivers/STM32F1xx_HAL_Driver/Src/stm32f1xx_hal.o
 .debug_aranges
                0x000002d8      0x100 ./Drivers/STM32F1xx_HAL_Driver/Src/stm32f1xx_hal_cortex.o
 .debug_aranges
                0x000003d8       0x58 ./Drivers/STM32F1xx_HAL_Driver/Src/stm32f1xx_hal_gpio.o
 .debug_aranges
                0x00000430       0x90 ./Drivers/STM32F1xx_HAL_Driver/Src/stm32f1xx_hal_rcc.o
 .debug_aranges
                0x000004c0      0x1d0 ./Drivers/STM32F1xx_HAL_Driver/Src/stm32f1xx_hal_spi.o

.debug_rnglists
                0x00000000      0x4dc
 .debug_rnglists
                0x00000000       0x96 ./Core/Src/LoRa.o
 .debug_rnglists
                0x00000096       0x33 ./Core/Src/main.o
 .debug_rnglists
                0x000000c9       0x20 ./Core/Src/stm32f1xx_hal_msp.o
 .debug_rnglists
                0x000000e9       0x49 ./Core/Src/stm32f1xx_it.o
 .debug_rnglists
                0x00000132       0x1a ./Core/Src/system_stm32f1xx.o
 .debug_rnglists
                0x0000014c       0x19 ./Core/Startup/startup_stm32f103c8tx.o
 .debug_rnglists
                0x00000165       0xa3 ./Drivers/STM32F1xx_HAL_Driver/Src/stm32f1xx_hal.o
 .debug_rnglists
                0x00000208       0xbb ./Drivers/STM32F1xx_HAL_Driver/Src/stm32f1xx_hal_cortex.o
 .debug_rnglists
                0x000002c3       0x3f ./Drivers/STM32F1xx_HAL_Driver/Src/stm32f1xx_hal_gpio.o
 .debug_rnglists
                0x00000302       0x6c ./Drivers/STM32F1xx_HAL_Driver/Src/stm32f1xx_hal_rcc.o
 .debug_rnglists
                0x0000036e      0x16e ./Drivers/STM32F1xx_HAL_Driver/Src/stm32f1xx_hal_spi.o

.debug_macro    0x00000000    0x16bbc
 .debug_macro   0x00000000      0x1a6 ./Core/Src/LoRa.o
 .debug_macro   0x000001a6      0xacc ./Core/Src/LoRa.o
 .debug_macro   0x00000c72      0x215 ./Core/Src/LoRa.o
 .debug_macro   0x00000e87       0x2e ./Core/Src/LoRa.o
 .debug_macro   0x00000eb5       0x22 ./Core/Src/LoRa.o
 .debug_macro   0x00000ed7       0x22 ./Core/Src/LoRa.o
 .debug_macro   0x00000ef9       0x8e ./Core/Src/LoRa.o
 .debug_macro   0x00000f87       0x51 ./Core/Src/LoRa.o
 .debug_macro   0x00000fd8      0x103 ./Core/Src/LoRa.o
 .debug_macro   0x000010db       0x6a ./Core/Src/LoRa.o
 .debug_macro   0x00001145      0x1df ./Core/Src/LoRa.o
 .debug_macro   0x00001324       0x1c ./Core/Src/LoRa.o
 .debug_macro   0x00001340       0x22 ./Core/Src/LoRa.o
 .debug_macro   0x00001362       0xbd ./Core/Src/LoRa.o
 .debug_macro   0x0000141f      0xd23 ./Core/Src/LoRa.o
 .debug_macro   0x00002142     0xe09e ./Core/Src/LoRa.o
 .debug_macro   0x000101e0       0x6d ./Core/Src/LoRa.o
 .debug_macro   0x0001024d     0x34a2 ./Core/Src/LoRa.o
 .debug_macro   0x000136ef      0x190 ./Core/Src/LoRa.o
 .debug_macro   0x0001387f       0x5c ./Core/Src/LoRa.o
 .debug_macro   0x000138db      0x5bc ./Core/Src/LoRa.o
 .debug_macro   0x00013e97      0x289 ./Core/Src/LoRa.o
 .debug_macro   0x00014120      0x1cb ./Core/Src/LoRa.o
 .debug_macro   0x000142eb      0x114 ./Core/Src/LoRa.o
 .debug_macro   0x000143ff      0x1b2 ./Core/Src/LoRa.o
 .debug_macro   0x000145b1       0x27 ./Core/Src/LoRa.o
 .debug_macro   0x000145d8      0x136 ./Core/Src/LoRa.o
 .debug_macro   0x0001470e      0x1bc ./Core/Src/LoRa.o
 .debug_macro   0x000148ca       0x34 ./Core/Src/LoRa.o
 .debug_macro   0x000148fe       0x3c ./Core/Src/LoRa.o
 .debug_macro   0x0001493a       0x57 ./Core/Src/LoRa.o
 .debug_macro   0x00014991       0x87 ./Core/Src/LoRa.o
 .debug_macro   0x00014a18      0x240 ./Core/Src/LoRa.o
 .debug_macro   0x00014c58      0x140 ./Core/Src/LoRa.o
 .debug_macro   0x00014d98      0x217 ./Core/Src/LoRa.o
 .debug_macro   0x00014faf       0x83 ./Core/Src/LoRa.o
 .debug_macro   0x00015032       0x88 ./Core/Src/LoRa.o
 .debug_macro   0x000150ba      0x172 ./Core/Src/LoRa.o
 .debug_macro   0x0001522c      0x2a8 ./Core/Src/main.o
 .debug_macro   0x000154d4       0x61 ./Core/Src/main.o
 .debug_macro   0x00015535       0x24 ./Core/Src/main.o
 .debug_macro   0x00015559       0x43 ./Core/Src/main.o
 .debug_macro   0x0001559c       0x34 ./Core/Src/main.o
 .debug_macro   0x000155d0      0x370 ./Core/Src/main.o
 .debug_macro   0x00015940       0x16 ./Core/Src/main.o
 .debug_macro   0x00015956       0x4a ./Core/Src/main.o
 .debug_macro   0x000159a0       0x34 ./Core/Src/main.o
 .debug_macro   0x000159d4       0x10 ./Core/Src/main.o
 .debug_macro   0x000159e4       0x58 ./Core/Src/main.o
 .debug_macro   0x00015a3c       0x8e ./Core/Src/main.o
 .debug_macro   0x00015aca       0x1c ./Core/Src/main.o
 .debug_macro   0x00015ae6      0x185 ./Core/Src/main.o
 .debug_macro   0x00015c6b       0x10 ./Core/Src/main.o
 .debug_macro   0x00015c7b       0x3c ./Core/Src/main.o
 .debug_macro   0x00015cb7       0x20 ./Core/Src/main.o
 .debug_macro   0x00015cd7       0x1c ./Core/Src/main.o
 .debug_macro   0x00015cf3       0x10 ./Core/Src/main.o
 .debug_macro   0x00015d03       0x1c ./Core/Src/main.o
 .debug_macro   0x00015d1f       0x16 ./Core/Src/main.o
 .debug_macro   0x00015d35      0x146 ./Core/Src/main.o
 .debug_macro   0x00015e7b      0x19d ./Core/Src/stm32f1xx_hal_msp.o
 .debug_macro   0x00016018      0x1a7 ./Core/Src/stm32f1xx_it.o
 .debug_macro   0x000161bf      0x18e ./Core/Src/system_stm32f1xx.o
 .debug_macro   0x0001634d      0x1b2 ./Drivers/STM32F1xx_HAL_Driver/Src/stm32f1xx_hal.o
 .debug_macro   0x000164ff      0x18e ./Drivers/STM32F1xx_HAL_Driver/Src/stm32f1xx_hal_cortex.o
 .debug_macro   0x0001668d      0x1f9 ./Drivers/STM32F1xx_HAL_Driver/Src/stm32f1xx_hal_gpio.o
 .debug_macro   0x00016886      0x1a0 ./Drivers/STM32F1xx_HAL_Driver/Src/stm32f1xx_hal_rcc.o
 .debug_macro   0x00016a26      0x196 ./Drivers/STM32F1xx_HAL_Driver/Src/stm32f1xx_hal_spi.o

.debug_line     0x00000000     0x5ffe
 .debug_line    0x00000000      0x94b ./Core/Src/LoRa.o
 .debug_line    0x0000094b      0x760 ./Core/Src/main.o
 .debug_line    0x000010ab      0x520 ./Core/Src/stm32f1xx_hal_msp.o
 .debug_line    0x000015cb      0x593 ./Core/Src/stm32f1xx_it.o
 .debug_line    0x00001b5e      0x54a ./Core/Src/system_stm32f1xx.o
 .debug_line    0x000020a8       0x78 ./Core/Startup/startup_stm32f103c8tx.o
 .debug_line    0x00002120      0x77b ./Drivers/STM32F1xx_HAL_Driver/Src/stm32f1xx_hal.o
 .debug_line    0x0000289b      0x945 ./Drivers/STM32F1xx_HAL_Driver/Src/stm32f1xx_hal_cortex.o
 .debug_line    0x000031e0      0x7d8 ./Drivers/STM32F1xx_HAL_Driver/Src/stm32f1xx_hal_gpio.o
 .debug_line    0x000039b8      0xc34 ./Drivers/STM32F1xx_HAL_Driver/Src/stm32f1xx_hal_rcc.o
 .debug_line    0x000045ec     0x1a12 ./Drivers/STM32F1xx_HAL_Driver/Src/stm32f1xx_hal_spi.o

.debug_str      0x00000000    0x81a44
 .debug_str     0x00000000    0x81a44 ./Core/Src/LoRa.o
                              0x7ce88 (size before relaxing)
 .debug_str     0x00081a44    0x80a2e ./Core/Src/main.o
 .debug_str     0x00081a44    0x7c881 ./Core/Src/stm32f1xx_hal_msp.o
 .debug_str     0x00081a44    0x7c47b ./Core/Src/stm32f1xx_it.o
 .debug_str     0x00081a44    0x7c24b ./Core/Src/system_stm32f1xx.o
 .debug_str     0x00081a44       0x7c ./Core/Startup/startup_stm32f103c8tx.o
 .debug_str     0x00081a44    0x7c97e ./Drivers/STM32F1xx_HAL_Driver/Src/stm32f1xx_hal.o
 .debug_str     0x00081a44    0x7c8ca ./Drivers/STM32F1xx_HAL_Driver/Src/stm32f1xx_hal_cortex.o
 .debug_str     0x00081a44    0x7c5d1 ./Drivers/STM32F1xx_HAL_Driver/Src/stm32f1xx_hal_gpio.o
 .debug_str     0x00081a44    0x7c67a ./Drivers/STM32F1xx_HAL_Driver/Src/stm32f1xx_hal_rcc.o
 .debug_str     0x00081a44    0x7cb71 ./Drivers/STM32F1xx_HAL_Driver/Src/stm32f1xx_hal_spi.o

.comment        0x00000000       0x43
 .comment       0x00000000       0x43 ./Core/Src/LoRa.o
                                 0x44 (size before relaxing)
 .comment       0x00000043       0x44 ./Core/Src/main.o
 .comment       0x00000043       0x44 ./Core/Src/stm32f1xx_hal_msp.o
 .comment       0x00000043       0x44 ./Core/Src/stm32f1xx_it.o
 .comment       0x00000043       0x44 ./Core/Src/system_stm32f1xx.o
 .comment       0x00000043       0x44 ./Drivers/STM32F1xx_HAL_Driver/Src/stm32f1xx_hal.o
 .comment       0x00000043       0x44 ./Drivers/STM32F1xx_HAL_Driver/Src/stm32f1xx_hal_cortex.o
 .comment       0x00000043       0x44 ./Drivers/STM32F1xx_HAL_Driver/Src/stm32f1xx_hal_gpio.o
 .comment       0x00000043       0x44 ./Drivers/STM32F1xx_HAL_Driver/Src/stm32f1xx_hal_rcc.o
 .comment       0x00000043       0x44 ./Drivers/STM32F1xx_HAL_Driver/Src/stm32f1xx_hal_spi.o

.debug_frame    0x00000000     0x1a80
 .debug_frame   0x00000000      0x338 ./Core/Src/LoRa.o
 .debug_frame   0x00000338       0xd8 ./Core/Src/main.o
 .debug_frame   0x00000410       0x80 ./Core/Src/stm32f1xx_hal_msp.o
 .debug_frame   0x00000490      0x120 ./Core/Src/stm32f1xx_it.o
 .debug_frame   0x000005b0       0x58 ./Core/Src/system_stm32f1xx.o
 .debug_frame   0x00000608      0x334 ./Drivers/STM32F1xx_HAL_Driver/Src/stm32f1xx_hal.o
 .debug_frame   0x0000093c      0x428 ./Drivers/STM32F1xx_HAL_Driver/Src/stm32f1xx_hal_cortex.o
 .debug_frame   0x00000d64      0x14c ./Drivers/STM32F1xx_HAL_Driver/Src/stm32f1xx_hal_gpio.o
 .debug_frame   0x00000eb0      0x218 ./Drivers/STM32F1xx_HAL_Driver/Src/stm32f1xx_hal_rcc.o
 .debug_frame   0x000010c8      0x824 ./Drivers/STM32F1xx_HAL_Driver/Src/stm32f1xx_hal_spi.o
 .debug_frame   0x000018ec       0x20 /home/royivri/st/stm32cubeclt_1.19.0/GNU-tools-for-STM32/bin/../lib/gcc/arm-none-eabi/13.3.1/../../../../arm-none-eabi/lib/thumb/v7-m/nofp/libc_nano.a(libc_a-memset.o)
 .debug_frame   0x0000190c       0x2c /home/royivri/st/stm32cubeclt_1.19.0/GNU-tools-for-STM32/bin/../lib/gcc/arm-none-eabi/13.3.1/../../../../arm-none-eabi/lib/thumb/v7-m/nofp/libc_nano.a(libc_a-init.o)
 .debug_frame   0x00001938       0x28 /home/royivri/st/stm32cubeclt_1.19.0/GNU-tools-for-STM32/bin/../lib/gcc/arm-none-eabi/13.3.1/../../../../arm-none-eabi/lib/thumb/v7-m/nofp/libc_nano.a(libc_a-memcpy-stub.o)
 .debug_frame   0x00001960       0xac /home/royivri/st/stm32cubeclt_1.19.0/GNU-tools-for-STM32/bin/../lib/gcc/arm-none-eabi/13.3.1/thumb/v7-m/nofp/libgcc.a(_arm_addsubdf3.o)
 .debug_frame   0x00001a0c       0x50 /home/royivri/st/stm32cubeclt_1.19.0/GNU-tools-for-STM32/bin/../lib/gcc/arm-none-eabi/13.3.1/thumb/v7-m/nofp/libgcc.a(_arm_muldivdf3.o)
 .debug_frame   0x00001a5c       0x24 /home/royivri/st/stm32cubeclt_1.19.0/GNU-tools-for-STM32/bin/../lib/gcc/arm-none-eabi/13.3.1/thumb/v7-m/nofp/libgcc.a(_arm_fixdfsi.o)

.debug_line_str
                0x00000000       0x60
 .debug_line_str
                0x00000000       0x60 ./Core/Startup/startup_stm32f103c8tx.o
