Archive member included to satisfy reference by file (symbol)

/home/royivri/st/stm32cubeclt_1.19.0/GNU-tools-for-STM32/bin/../lib/gcc/arm-none-eabi/13.3.1/../../../../arm-none-eabi/lib/thumb/v7-m/nofp/libc_nano.a(libc_a-exit.o)
                              /home/royivri/st/stm32cubeclt_1.19.0/GNU-tools-for-STM32/bin/../lib/gcc/arm-none-eabi/13.3.1/../../../../arm-none-eabi/lib/thumb/v7-m/nofp/crt0.o (exit)
/home/royivri/st/stm32cubeclt_1.19.0/GNU-tools-for-STM32/bin/../lib/gcc/arm-none-eabi/13.3.1/../../../../arm-none-eabi/lib/thumb/v7-m/nofp/libc_nano.a(libc_a-findfp.o)
                              /home/royivri/st/stm32cubeclt_1.19.0/GNU-tools-for-STM32/bin/../lib/gcc/arm-none-eabi/13.3.1/../../../../arm-none-eabi/lib/thumb/v7-m/nofp/libc_nano.a(libc_a-exit.o) (__stdio_exit_handler)
/home/royivri/st/stm32cubeclt_1.19.0/GNU-tools-for-STM32/bin/../lib/gcc/arm-none-eabi/13.3.1/../../../../arm-none-eabi/lib/thumb/v7-m/nofp/libc_nano.a(libc_a-fwalk.o)
                              /home/royivri/st/stm32cubeclt_1.19.0/GNU-tools-for-STM32/bin/../lib/gcc/arm-none-eabi/13.3.1/../../../../arm-none-eabi/lib/thumb/v7-m/nofp/libc_nano.a(libc_a-findfp.o) (_fwalk_sglue)
/home/royivri/st/stm32cubeclt_1.19.0/GNU-tools-for-STM32/bin/../lib/gcc/arm-none-eabi/13.3.1/../../../../arm-none-eabi/lib/thumb/v7-m/nofp/libc_nano.a(libc_a-printf.o)
                              ./Core/Src/main.o (printf)
/home/royivri/st/stm32cubeclt_1.19.0/GNU-tools-for-STM32/bin/../lib/gcc/arm-none-eabi/13.3.1/../../../../arm-none-eabi/lib/thumb/v7-m/nofp/libc_nano.a(libc_a-stdio.o)
                              /home/royivri/st/stm32cubeclt_1.19.0/GNU-tools-for-STM32/bin/../lib/gcc/arm-none-eabi/13.3.1/../../../../arm-none-eabi/lib/thumb/v7-m/nofp/libc_nano.a(libc_a-findfp.o) (__sread)
/home/royivri/st/stm32cubeclt_1.19.0/GNU-tools-for-STM32/bin/../lib/gcc/arm-none-eabi/13.3.1/../../../../arm-none-eabi/lib/thumb/v7-m/nofp/libc_nano.a(libc_a-memset.o)
                              /home/royivri/st/stm32cubeclt_1.19.0/GNU-tools-for-STM32/bin/../lib/gcc/arm-none-eabi/13.3.1/../../../../arm-none-eabi/lib/thumb/v7-m/nofp/crt0.o (memset)
/home/royivri/st/stm32cubeclt_1.19.0/GNU-tools-for-STM32/bin/../lib/gcc/arm-none-eabi/13.3.1/../../../../arm-none-eabi/lib/thumb/v7-m/nofp/libc_nano.a(libc_a-closer.o)
                              /home/royivri/st/stm32cubeclt_1.19.0/GNU-tools-for-STM32/bin/../lib/gcc/arm-none-eabi/13.3.1/../../../../arm-none-eabi/lib/thumb/v7-m/nofp/libc_nano.a(libc_a-stdio.o) (_close_r)
/home/royivri/st/stm32cubeclt_1.19.0/GNU-tools-for-STM32/bin/../lib/gcc/arm-none-eabi/13.3.1/../../../../arm-none-eabi/lib/thumb/v7-m/nofp/libc_nano.a(libc_a-reent.o)
                              /home/royivri/st/stm32cubeclt_1.19.0/GNU-tools-for-STM32/bin/../lib/gcc/arm-none-eabi/13.3.1/../../../../arm-none-eabi/lib/thumb/v7-m/nofp/libc_nano.a(libc_a-closer.o) (errno)
/home/royivri/st/stm32cubeclt_1.19.0/GNU-tools-for-STM32/bin/../lib/gcc/arm-none-eabi/13.3.1/../../../../arm-none-eabi/lib/thumb/v7-m/nofp/libc_nano.a(libc_a-impure.o)
                              /home/royivri/st/stm32cubeclt_1.19.0/GNU-tools-for-STM32/bin/../lib/gcc/arm-none-eabi/13.3.1/../../../../arm-none-eabi/lib/thumb/v7-m/nofp/libc_nano.a(libc_a-printf.o) (_impure_ptr)
/home/royivri/st/stm32cubeclt_1.19.0/GNU-tools-for-STM32/bin/../lib/gcc/arm-none-eabi/13.3.1/../../../../arm-none-eabi/lib/thumb/v7-m/nofp/libc_nano.a(libc_a-lseekr.o)
                              /home/royivri/st/stm32cubeclt_1.19.0/GNU-tools-for-STM32/bin/../lib/gcc/arm-none-eabi/13.3.1/../../../../arm-none-eabi/lib/thumb/v7-m/nofp/libc_nano.a(libc_a-stdio.o) (_lseek_r)
/home/royivri/st/stm32cubeclt_1.19.0/GNU-tools-for-STM32/bin/../lib/gcc/arm-none-eabi/13.3.1/../../../../arm-none-eabi/lib/thumb/v7-m/nofp/libc_nano.a(libc_a-readr.o)
                              /home/royivri/st/stm32cubeclt_1.19.0/GNU-tools-for-STM32/bin/../lib/gcc/arm-none-eabi/13.3.1/../../../../arm-none-eabi/lib/thumb/v7-m/nofp/libc_nano.a(libc_a-stdio.o) (_read_r)
/home/royivri/st/stm32cubeclt_1.19.0/GNU-tools-for-STM32/bin/../lib/gcc/arm-none-eabi/13.3.1/../../../../arm-none-eabi/lib/thumb/v7-m/nofp/libc_nano.a(libc_a-writer.o)
                              /home/royivri/st/stm32cubeclt_1.19.0/GNU-tools-for-STM32/bin/../lib/gcc/arm-none-eabi/13.3.1/../../../../arm-none-eabi/lib/thumb/v7-m/nofp/libc_nano.a(libc_a-stdio.o) (_write_r)
/home/royivri/st/stm32cubeclt_1.19.0/GNU-tools-for-STM32/bin/../lib/gcc/arm-none-eabi/13.3.1/../../../../arm-none-eabi/lib/thumb/v7-m/nofp/libc_nano.a(libc_a-errno.o)
                              ./Core/Src/syscalls.o (__errno)
/home/royivri/st/stm32cubeclt_1.19.0/GNU-tools-for-STM32/bin/../lib/gcc/arm-none-eabi/13.3.1/../../../../arm-none-eabi/lib/thumb/v7-m/nofp/libc_nano.a(libc_a-init.o)
                              /home/royivri/st/stm32cubeclt_1.19.0/GNU-tools-for-STM32/bin/../lib/gcc/arm-none-eabi/13.3.1/../../../../arm-none-eabi/lib/thumb/v7-m/nofp/crt0.o (__libc_init_array)
[...]
Memory Configuration

Name             Origin             Length             Attributes
RAM              0x20000000         0x00005000         xrw
FLASH            0x08000000         0x00010000         xr
*default*        0x00000000         0xffffffff

Linker script and memory map

LOAD /home/royivri/st/stm32cubeclt_1.19.0/GNU-tools-for-STM32/bin/../lib/gcc/arm-none-eabi/13.3.1/thumb/v7-m/nofp/crti.o
LOAD /home/royivri/st/stm32cubeclt_1.19.0/GNU-tools-for-STM32/bin/../lib/gcc/arm-none-eabi/13.3.1/thumb/v7-m/nofp/crtbegin.o
LOAD /home/royivri/st/stm32cubeclt_1.19.0/GNU-tools-for-STM32/bin/../lib/gcc/arm-none-eabi/13.3.1/../../../../arm-none-eabi/lib/thumb/v7-m/nofp/crt0.o
LOAD ./Core/Src/LoRa.o
LOAD ./Core/Src/main.o
LOAD ./Core/Src/packet.o
LOAD ./Core/Src/stm32f1xx_hal_msp.o
LOAD ./Core/Src/stm32f1xx_it.o
LOAD ./Core/Src/syscalls.o
LOAD ./Core/Src/sysmem.o
LOAD ./Core/Src/system_stm32f1xx.o
LOAD ./Core/Src/Util/id.o
LOAD ./Core/Startup/startup_stm32f103c8tx.o
LOAD ./Drivers/STM32F1xx_HAL_Driver/Src/stm32f1xx_hal.o
LOAD ./Drivers/STM32F1xx_HAL_Driver/Src/stm32f1xx_hal_cortex.o
LOAD ./Drivers/STM32F1xx_HAL_Driver/Src/stm32f1xx_hal_dma.o
LOAD ./Drivers/STM32F1xx_HAL_Driver/Src/stm32f1xx_hal_exti.o
LOAD ./Drivers/STM32F1xx_HAL_Driver/Src/stm32f1xx_hal_flash.o
LOAD ./Drivers/STM32F1xx_HAL_Driver/Src/stm32f1xx_hal_flash_ex.o
LOAD ./Drivers/STM32F1xx_HAL_Driver/Src/stm32f1xx_hal_gpio.o
LOAD ./Drivers/STM32F1xx_HAL_Driver/Src/stm32f1xx_hal_gpio_ex.o
LOAD ./Drivers/STM32F1xx_HAL_Driver/Src/stm32f1xx_hal_pwr.o
LOAD ./Drivers/STM32F1xx_HAL_Driver/Src/stm32f1xx_hal_rcc.o
LOAD ./Drivers/STM32F1xx_HAL_Driver/Src/stm32f1xx_hal_rcc_ex.o
LOAD ./Drivers/STM32F1xx_HAL_Driver/Src/stm32f1xx_hal_spi.o
START GROUP
LOAD /home/royivri/st/stm32cubeclt_1.19.0/GNU-tools-for-STM32/bin/../lib/gcc/arm-none-eabi/13.3.1/../../../../arm-none-eabi/lib/thumb/v7-m/nofp/libc_nano.a
LOAD /home/royivri/st/stm32cubeclt_1.19.0/GNU-tools-for-STM32/bin/../lib/gcc/arm-none-eabi/13.3.1/../../../../arm-none-eabi/lib/thumb/v7-m/nofp/libm.a
END GROUP
START GROUP
LOAD /home/royivri/st/stm32cubeclt_1.19.0/GNU-tools-for-STM32/bin/../lib/gcc/arm-none-eabi/13.3.1/thumb/v7-m/nofp/libgcc.a
LOAD /home/royivri/st/stm32cubeclt_1.19.0/GNU-tools-for-STM32/bin/../lib/gcc/arm-none-eabi/13.3.1/../../../../arm-none-eabi/lib/thumb/v7-m/nofp/libc_nano.a
END GROUP
START GROUP
LOAD /home/royivri/st/stm32cubeclt_1.19.0/GNU-tools-for-STM32/bin/../lib/gcc/arm-none-eabi/13.3.1/thumb/v7-m/nofp/libgcc.a
LOAD /home/royivri/st/stm32cubeclt_1.19.0/GNU-tools-for-STM32/bin/../lib/gcc/arm-none-eabi/13.3.1/../../../../arm-none-eabi/lib/thumb/v7-m/nofp/libc_nano.a
LOAD /home/royivri/st/stm32cubeclt_1.19.0/GNU-tools-for-STM32/bin/../lib/gcc/arm-none-eabi/13.3.1/../../../../arm-none-eabi/lib/thumb/v7-m/nofp/libnosys.a
END GROUP
START GROUP
LOAD /home/royivri/st/stm32cubeclt_1.19.0/GNU-tools-for-STM32/bin/../lib/gcc/arm-none-eabi/13.3.1/thumb/v7-m/nofp/libgcc.a
LOAD /home/royivri/st/stm32cubeclt_1.19.0/GNU-tools-for-STM32/bin/../lib/gcc/arm-none-eabi/13.3.1/../../../../arm-none-eabi/lib/thumb/v7-m/nofp/libc_nano.a
LOAD /home/royivri/st/stm32cubeclt_1.19.0/GNU-tools-for-STM32/bin/../lib/gcc/arm-none-eabi/13.3.1/../../../../arm-none-eabi/lib/thumb/v7-m/nofp/libnosys.a
END GROUP
LOAD /home/royivri/st/stm32cubeclt_1.19.0/GNU-tools-for-STM32/bin/../lib/gcc/arm-none-eabi/13.3.1/thumb/v7-m/nofp/crtend.o
LOAD /home/royivri/st/stm32cubeclt_1.19.0/GNU-tools-for-STM32/bin/../lib/gcc/arm-none-eabi/13.3.1/thumb/v7-m/nofp/crtn.o
                0x20005000                        _estack = (ORIGIN (RAM) + LENGTH (RAM))
                0x00000200                        _Min_Heap_Size = 0x200
                0x00000400                        _Min_Stack_Size = 0x400

.isr_vector     0x08000000      0x10c
                0x08000000                        . = ALIGN (0x4)
 *(.isr_vector)
 .isr_vector    0x08000000      0x10c ./Core/Startup/startup_stm32f103c8tx.o
                0x08000000                g_pfnVectors
                0x0800010c                        . = ALIGN (0x4)

.text           0x0800010c     0x4144
                0x0800010c                        . = ALIGN (0x4)
 *(.text)
 .text          0x0800010c       0x40 /home/royivri/st/stm32cubeclt_1.19.0/GNU-tools-for-STM32/bin/../lib/gcc/arm-none-eabi/13.3.1/thumb/v7-m/nofp/crtbegin.o
 .text          0x0800014c      0x378 /home/royivri/st/stm32cubeclt_1.19.0/GNU-tools-for-STM32/bin/../lib/gcc/arm-none-eabi/13.3.1/thumb/v7-m/nofp/libgcc.a(_arm_addsubdf3.o)
                0x0800014c                __aeabi_drsub
                0x08000154                __aeabi_dsub
                0x08000154                __subdf3
                0x08000158                __adddf3
                0x08000158                __aeabi_dadd
                0x080003d0                __aeabi_ui2d
                0x080003d0                __floatunsidf
                0x080003f0                __floatsidf
                0x080003f0                __aeabi_i2d
                0x08000414                __extendsfdf2
                0x08000414                __aeabi_f2d
                0x08000458                __aeabi_ul2d
                0x08000458                __floatundidf
                0x08000468                __floatdidf
                0x08000468                __aeabi_l2d
 .text          0x080004c4      0x424 /home/royivri/st/stm32cubeclt_1.19.0/GNU-tools-for-STM32/bin/../lib/gcc/arm-none-eabi/13.3.1/thumb/v7-m/nofp/libgcc.a(_arm_muldivdf3.o)
                0x080004c4                __aeabi_dmul
                0x080004c4                __muldf3
                0x08000718                __aeabi_ddiv
                0x08000718                __divdf3
 .text          0x080008e8       0x50 /home/royivri/st/stm32cubeclt_1.19.0/GNU-tools-for-STM32/bin/../lib/gcc/arm-none-eabi/13.3.1/thumb/v7-m/nofp/libgcc.a(_arm_fixdfsi.o)
                0x080008e8                __fixdfsi
                0x080008e8                __aeabi_d2iz
 *(.text*)
 .text.newLoRa  0x08000938       0x52 ./Core/Src/LoRa.o
                0x08000938                newLoRa
 .text.LoRa_gotoMode
                0x0800098a       0xc2 ./Core/Src/LoRa.o
                0x0800098a                LoRa_gotoMode
 .text.LoRa_readReg
                0x08000a4c       0x7c ./Core/Src/LoRa.o
                0x08000a4c                LoRa_readReg
 .text.LoRa_writeReg
                0x08000ac8       0x7c ./Core/Src/LoRa.o
                0x08000ac8                LoRa_writeReg
 .text.LoRa_setLowDaraRateOptimization
                0x08000b44       0x4a ./Core/Src/LoRa.o
                0x08000b44                LoRa_setLowDaraRateOptimization
 *fill*         0x08000b8e        0x2 
 .text.LoRa_setAutoLDO
                0x08000b90       0x6c ./Core/Src/LoRa.o
                0x08000b90                LoRa_setAutoLDO
 .text.LoRa_setFrequency
                0x08000bfc       0x60 ./Core/Src/LoRa.o
                0x08000bfc                LoRa_setFrequency
 .text.LoRa_setSpreadingFactor
                0x08000c5c       0x64 ./Core/Src/LoRa.o
                0x08000c5c                LoRa_setSpreadingFactor
 .text.LoRa_setPower
                0x08000cc0       0x26 ./Core/Src/LoRa.o
                0x08000cc0                LoRa_setPower
 *fill*         0x08000ce6        0x2 
 .text.LoRa_setOCP
                0x08000ce8       0x7c ./Core/Src/LoRa.o
                0x08000ce8                LoRa_setOCP
 .text.LoRa_setTOMsb_setCRCon
                0x08000d64       0x36 ./Core/Src/LoRa.o
                0x08000d64                LoRa_setTOMsb_setCRCon
 .text.LoRa_read
                0x08000d9a       0x34 ./Core/Src/LoRa.o
                0x08000d9a                LoRa_read
 .text.LoRa_write
                0x08000dce       0x3a ./Core/Src/LoRa.o
                0x08000dce                LoRa_write
 .text.LoRa_BurstWrite
                0x08000e08       0x8e ./Core/Src/LoRa.o
                0x08000e08                LoRa_BurstWrite
 .text.LoRa_isvalid
                0x08000e96       0x14 ./Core/Src/LoRa.o
                0x08000e96                LoRa_isvalid
 .text.LoRa_transmit
                0x08000eaa       0xb0 ./Core/Src/LoRa.o
                0x08000eaa                LoRa_transmit
 .text.LoRa_startReceiving
                0x08000f5a       0x18 ./Core/Src/LoRa.o
                0x08000f5a                LoRa_startReceiving
 .text.LoRa_receive
                0x08000f72       0xc0 ./Core/Src/LoRa.o
                0x08000f72                LoRa_receive
 .text.LoRa_init
                0x08001032      0x138 ./Core/Src/LoRa.o
                0x08001032                LoRa_init
 *fill*         0x0800116a        0x2 
 .text.main     0x0800116c      0x164 ./Core/Src/main.o
                0x0800116c                main
 .text.SystemClock_Config
                0x080012d0       0x76 ./Core/Src/main.o
                0x080012d0                SystemClock_Config
 *fill*         0x08001346        0x2 
 .text.MX_SPI2_Init
                0x08001348       0x6c ./Core/Src/main.o
 .text.MX_GPIO_Init
                0x080013b4      0x100 ./Core/Src/main.o
 .text.next_msg_id
                0x080014b4       0x1c ./Core/Src/main.o
                0x080014b4                next_msg_id
 .text.HAL_GPIO_EXTI_Callback
                0x080014d0       0x64 ./Core/Src/main.o
                0x080014d0                HAL_GPIO_EXTI_Callback
 .text.Error_Handler
                0x08001534        0xc ./Core/Src/main.o
                0x08001534                Error_Handler
 .text.mesh_crc
                0x08001540       0x70 ./Core/Src/packet.o
                0x08001540                mesh_crc
 .text.mesh_build_packet
                0x080015b0      0x100 ./Core/Src/packet.o
                0x080015b0                mesh_build_packet
 .text.HAL_MspInit
                0x080016b0       0x64 ./Core/Src/stm32f1xx_hal_msp.o
                0x080016b0                HAL_MspInit
 .text.HAL_SPI_MspInit
                0x08001714       0x98 ./Core/Src/stm32f1xx_hal_msp.o
                0x08001714                HAL_SPI_MspInit
 .text.NMI_Handler
                0x080017ac        0x8 ./Core/Src/stm32f1xx_it.o
                0x080017ac                NMI_Handler
 .text.HardFault_Handler
                0x080017b4        0x8 ./Core/Src/stm32f1xx_it.o
                0x080017b4                HardFault_Handler
 .text.MemManage_Handler
                0x080017bc        0x8 ./Core/Src/stm32f1xx_it.o
                0x080017bc                MemManage_Handler
 .text.BusFault_Handler
                0x080017c4        0x8 ./Core/Src/stm32f1xx_it.o
                0x080017c4                BusFault_Handler
 .text.UsageFault_Handler
                0x080017cc        0x8 ./Core/Src/stm32f1xx_it.o
                0x080017cc                UsageFault_Handler
 .text.SVC_Handler
                0x080017d4        0xc ./Core/Src/stm32f1xx_it.o
                0x080017d4                SVC_Handler
 .text.DebugMon_Handler
                0x080017e0        0xc ./Core/Src/stm32f1xx_it.o
                0x080017e0                DebugMon_Handler
 .text.PendSV_Handler
                0x080017ec        0xc ./Core/Src/stm32f1xx_it.o
                0x080017ec                PendSV_Handler
 .text.SysTick_Handler
                0x080017f8        0xc ./Core/Src/stm32f1xx_it.o
                0x080017f8                SysTick_Handler
 .text.EXTI9_5_IRQHandler
                0x08001804       0x16 ./Core/Src/stm32f1xx_it.o
                0x08001804                EXTI9_5_IRQHandler
 .text._read    0x0800181a       0x3a ./Core/Src/syscalls.o
                0x0800181a                _read
 .text._write   0x08001854       0x38 ./Core/Src/syscalls.o
                0x08001854                _write
 .text._close   0x0800188c       0x16 ./Core/Src/syscalls.o
                0x0800188c                _close
 .text._fstat   0x080018a2       0x1e ./Core/Src/syscalls.o
                0x080018a2                _fstat
 .text._isatty  0x080018c0       0x14 ./Core/Src/syscalls.o
                0x080018c0                _isatty
 .text._lseek   0x080018d4       0x18 ./Core/Src/syscalls.o
                0x080018d4                _lseek
 .text._sbrk    0x080018ec       0x6c ./Core/Src/sysmem.o
                0x080018ec                _sbrk
 .text.SystemInit
                0x08001958        0xc ./Core/Src/system_stm32f1xx.o
                0x08001958                SystemInit
 .text.get_unique_id_part
                0x08001964       0x22 ./Core/Src/Util/id.o
                0x08001964                get_unique_id_part
 *fill*         0x08001986        0x2 
 .text.node_id_init
                0x08001988       0x44 ./Core/Src/Util/id.o
                0x08001988                node_id_init
 .text.Reset_Handler
                0x080019cc       0x48 ./Core/Startup/startup_stm32f103c8tx.o
                0x080019cc                Reset_Handler
 .text.Default_Handler
                0x08001a14        0x2 ./Core/Startup/startup_stm32f103c8tx.o
                0x08001a14                RTC_Alarm_IRQHandler
                0x08001a14                EXTI2_IRQHandler
                0x08001a14                TIM1_CC_IRQHandler
                0x08001a14                PVD_IRQHandler
                0x08001a14                EXTI3_IRQHandler
                0x08001a14                EXTI0_IRQHandler
                0x08001a14                I2C2_EV_IRQHandler
                0x08001a14                ADC1_2_IRQHandler
                0x08001a14                SPI1_IRQHandler
                0x08001a14                TAMPER_IRQHandler
                0x08001a14                DMA1_Channel4_IRQHandler
                0x08001a14                USART3_IRQHandler
                0x08001a14                RTC_IRQHandler
                0x08001a14                DMA1_Channel7_IRQHandler
                0x08001a14                CAN1_RX1_IRQHandler
                0x08001a14                TIM4_IRQHandler
                0x08001a14                I2C1_EV_IRQHandler
                0x08001a14                DMA1_Channel6_IRQHandler
                0x08001a14                TIM3_IRQHandler
                0x08001a14                RCC_IRQHandler
                0x08001a14                TIM1_TRG_COM_IRQHandler
                0x08001a14                DMA1_Channel1_IRQHandler
                0x08001a14                Default_Handler
                0x08001a14                EXTI15_10_IRQHandler
                0x08001a14                SPI2_IRQHandler
                0x08001a14                DMA1_Channel5_IRQHandler
                0x08001a14                EXTI4_IRQHandler
                0x08001a14                USB_LP_CAN1_RX0_IRQHandler
                0x08001a14                USB_HP_CAN1_TX_IRQHandler
                0x08001a14                DMA1_Channel3_IRQHandler
                0x08001a14                TIM1_UP_IRQHandler
                0x08001a14                WWDG_IRQHandler
                0x08001a14                TIM2_IRQHandler
                0x08001a14                TIM1_BRK_IRQHandler
                0x08001a14                EXTI1_IRQHandler
                0x08001a14                USART2_IRQHandler
                0x08001a14                I2C2_ER_IRQHandler
                0x08001a14                DMA1_Channel2_IRQHandler
                0x08001a14                CAN1_SCE_IRQHandler
                0x08001a14                FLASH_IRQHandler
                0x08001a14                USART1_IRQHandler
                0x08001a14                I2C1_ER_IRQHandler
                0x08001a14                USBWakeUp_IRQHandler
 *fill*         0x08001a16        0x2 
 .text.HAL_Init
                0x08001a18       0x2c ./Drivers/STM32F1xx_HAL_Driver/Src/stm32f1xx_hal.o
                0x08001a18                HAL_Init
 .text.HAL_InitTick
                0x08001a44       0x60 ./Drivers/STM32F1xx_HAL_Driver/Src/stm32f1xx_hal.o
                0x08001a44                HAL_InitTick
 .text.HAL_IncTick
                0x08001aa4       0x24 ./Drivers/STM32F1xx_HAL_Driver/Src/stm32f1xx_hal.o
                0x08001aa4                HAL_IncTick
 .text.HAL_GetTick
                0x08001ac8       0x14 ./Drivers/STM32F1xx_HAL_Driver/Src/stm32f1xx_hal.o
                0x08001ac8                HAL_GetTick
 .text.HAL_Delay
                0x08001adc       0x48 ./Drivers/STM32F1xx_HAL_Driver/Src/stm32f1xx_hal.o
                0x08001adc                HAL_Delay
 .text.__NVIC_SetPriorityGrouping
                0x08001b24       0x48 ./Drivers/STM32F1xx_HAL_Driver/Src/stm32f1xx_hal_cortex.o
 .text.__NVIC_GetPriorityGrouping
                0x08001b6c       0x1c ./Drivers/STM32F1xx_HAL_Driver/Src/stm32f1xx_hal_cortex.o
 .text.__NVIC_EnableIRQ
                0x08001b88       0x38 ./Drivers/STM32F1xx_HAL_Driver/Src/stm32f1xx_hal_cortex.o
 .text.__NVIC_SetPriority
                0x08001bc0       0x54 ./Drivers/STM32F1xx_HAL_Driver/Src/stm32f1xx_hal_cortex.o
 .text.NVIC_EncodePriority
                0x08001c14       0x64 ./Drivers/STM32F1xx_HAL_Driver/Src/stm32f1xx_hal_cortex.o
 .text.SysTick_Config
                0x08001c78       0x44 ./Drivers/STM32F1xx_HAL_Driver/Src/stm32f1xx_hal_cortex.o
 .text.HAL_NVIC_SetPriorityGrouping
                0x08001cbc       0x16 ./Drivers/STM32F1xx_HAL_Driver/Src/stm32f1xx_hal_cortex.o
                0x08001cbc                HAL_NVIC_SetPriorityGrouping
 .text.HAL_NVIC_SetPriority
                0x08001cd2       0x38 ./Drivers/STM32F1xx_HAL_Driver/Src/stm32f1xx_hal_cortex.o
                0x08001cd2                HAL_NVIC_SetPriority
 .text.HAL_NVIC_EnableIRQ
                0x08001d0a       0x1c ./Drivers/STM32F1xx_HAL_Driver/Src/stm32f1xx_hal_cortex.o
                0x08001d0a                HAL_NVIC_EnableIRQ
 .text.HAL_SYSTICK_Config
                0x08001d26       0x18 ./Drivers/STM32F1xx_HAL_Driver/Src/stm32f1xx_hal_cortex.o
                0x08001d26                HAL_SYSTICK_Config
 *fill*         0x08001d3e        0x2 
 .text.HAL_GPIO_Init
                0x08001d40      0x308 ./Drivers/STM32F1xx_HAL_Driver/Src/stm32f1xx_hal_gpio.o
                0x08001d40                HAL_GPIO_Init
 .text.HAL_GPIO_WritePin
                0x08002048       0x30 ./Drivers/STM32F1xx_HAL_Driver/Src/stm32f1xx_hal_gpio.o
                0x08002048                HAL_GPIO_WritePin
 .text.HAL_GPIO_EXTI_IRQHandler
                0x08002078       0x30 ./Drivers/STM32F1xx_HAL_Driver/Src/stm32f1xx_hal_gpio.o
                0x08002078                HAL_GPIO_EXTI_IRQHandler
 .text.HAL_RCC_OscConfig
                0x080020a8      0x504 ./Drivers/STM32F1xx_HAL_Driver/Src/stm32f1xx_hal_rcc.o
                0x080020a8                HAL_RCC_OscConfig
 .text.HAL_RCC_ClockConfig
                0x080025ac      0x1d4 ./Drivers/STM32F1xx_HAL_Driver/Src/stm32f1xx_hal_rcc.o
                0x080025ac                HAL_RCC_ClockConfig
 .text.HAL_RCC_GetSysClockFreq
                0x08002780       0xa8 ./Drivers/STM32F1xx_HAL_Driver/Src/stm32f1xx_hal_rcc.o
                0x08002780                HAL_RCC_GetSysClockFreq
 .text.RCC_Delay
                0x08002828       0x3c ./Drivers/STM32F1xx_HAL_Driver/Src/stm32f1xx_hal_rcc.o
 .text.HAL_SPI_Init
                0x08002864      0x108 ./Drivers/STM32F1xx_HAL_Driver/Src/stm32f1xx_hal_spi.o
                0x08002864                HAL_SPI_Init
 .text.HAL_SPI_Transmit
                0x0800296c      0x288 ./Drivers/STM32F1xx_HAL_Driver/Src/stm32f1xx_hal_spi.o
                0x0800296c                HAL_SPI_Transmit
 .text.HAL_SPI_Receive
                0x08002bf4      0x232 ./Drivers/STM32F1xx_HAL_Driver/Src/stm32f1xx_hal_spi.o
                0x08002bf4                HAL_SPI_Receive
 .text.HAL_SPI_TransmitReceive
                0x08002e26      0x352 ./Drivers/STM32F1xx_HAL_Driver/Src/stm32f1xx_hal_spi.o
                0x08002e26                HAL_SPI_TransmitReceive
 .text.HAL_SPI_GetState
                0x08003178       0x1a ./Drivers/STM32F1xx_HAL_Driver/Src/stm32f1xx_hal_spi.o
                0x08003178                HAL_SPI_GetState
 *fill*         0x08003192        0x2 
 .text.SPI_WaitFlagStateUntilTimeout
                0x08003194      0x110 ./Drivers/STM32F1xx_HAL_Driver/Src/stm32f1xx_hal_spi.o
 .text.SPI_EndRxTransaction
                0x080032a4       0xa4 ./Drivers/STM32F1xx_HAL_Driver/Src/stm32f1xx_hal_spi.o
 .text.SPI_EndRxTxTransaction
                0x08003348       0x62 ./Drivers/STM32F1xx_HAL_Driver/Src/stm32f1xx_hal_spi.o
 *fill*         0x080033aa        0x2 
 .text.std      0x080033ac       0x6c /home/royivri/st/stm32cubeclt_1.19.0/GNU-tools-for-STM32/bin/../lib/gcc/arm-none-eabi/13.3.1/../../../../arm-none-eabi/lib/thumb/v7-m/nofp/libc_nano.a(libc_a-findfp.o)
 .text.stdio_exit_handler
                0x08003418       0x18 /home/royivri/st/stm32cubeclt_1.19.0/GNU-tools-for-STM32/bin/../lib/gcc/arm-none-eabi/13.3.1/../../../../arm-none-eabi/lib/thumb/v7-m/nofp/libc_nano.a(libc_a-findfp.o)
 .text.cleanup_stdio
                0x08003430       0x40 /home/royivri/st/stm32cubeclt_1.19.0/GNU-tools-for-STM32/bin/../lib/gcc/arm-none-eabi/13.3.1/../../../../arm-none-eabi/lib/thumb/v7-m/nofp/libc_nano.a(libc_a-findfp.o)
 .text.global_stdio_init.part.0
                0x08003470       0x3c /home/royivri/st/stm32cubeclt_1.19.0/GNU-tools-for-STM32/bin/../lib/gcc/arm-none-eabi/13.3.1/../../../../arm-none-eabi/lib/thumb/v7-m/nofp/libc_nano.a(libc_a-findfp.o)
 .text.__sfp_lock_acquire
                0x080034ac        0xc /home/royivri/st/stm32cubeclt_1.19.0/GNU-tools-for-STM32/bin/../lib/gcc/arm-none-eabi/13.3.1/../../../../arm-none-eabi/lib/thumb/v7-m/nofp/libc_nano.a(libc_a-findfp.o)
                0x080034ac                __sfp_lock_acquire
 .text.__sfp_lock_release
                0x080034b8        0xc /home/royivri/st/stm32cubeclt_1.19.0/GNU-tools-for-STM32/bin/../lib/gcc/arm-none-eabi/13.3.1/../../../../arm-none-eabi/lib/thumb/v7-m/nofp/libc_nano.a(libc_a-findfp.o)
                0x080034b8                __sfp_lock_release
 .text.__sinit  0x080034c4       0x30 /home/royivri/st/stm32cubeclt_1.19.0/GNU-tools-for-STM32/bin/../lib/gcc/arm-none-eabi/13.3.1/../../../../arm-none-eabi/lib/thumb/v7-m/nofp/libc_nano.a(libc_a-findfp.o)
                0x080034c4                __sinit
 .text._fwalk_sglue
                0x080034f4       0x3c /home/royivri/st/stm32cubeclt_1.19.0/GNU-tools-for-STM32/bin/../lib/gcc/arm-none-eabi/13.3.1/../../../../arm-none-eabi/lib/thumb/v7-m/nofp/libc_nano.a(libc_a-fwalk.o)
                0x080034f4                _fwalk_sglue
 .text.printf   0x08003530       0x24 /home/royivri/st/stm32cubeclt_1.19.0/GNU-tools-for-STM32/bin/../lib/gcc/arm-none-eabi/13.3.1/../../../../arm-none-eabi/lib/thumb/v7-m/nofp/libc_nano.a(libc_a-printf.o)
                0x08003530                printf
                0x08003530                iprintf
 .text.__sread  0x08003554       0x22 /home/royivri/st/stm32cubeclt_1.19.0/GNU-tools-for-STM32/bin/../lib/gcc/arm-none-eabi/13.3.1/../../../../arm-none-eabi/lib/thumb/v7-m/nofp/libc_nano.a(libc_a-stdio.o)
                0x08003554                __sread
 .text.__swrite
                0x08003576       0x38 /home/royivri/st/stm32cubeclt_1.19.0/GNU-tools-for-STM32/bin/../lib/gcc/arm-none-eabi/13.3.1/../../../../arm-none-eabi/lib/thumb/v7-m/nofp/libc_nano.a(libc_a-stdio.o)
                0x08003576                __swrite
 .text.__sseek  0x080035ae       0x24 /home/royivri/st/stm32cubeclt_1.19.0/GNU-tools-for-STM32/bin/../lib/gcc/arm-none-eabi/13.3.1/../../../../arm-none-eabi/lib/thumb/v7-m/nofp/libc_nano.a(libc_a-stdio.o)
                0x080035ae                __sseek
 .text.__sclose
                0x080035d2        0x8 /home/royivri/st/stm32cubeclt_1.19.0/GNU-tools-for-STM32/bin/../lib/gcc/arm-none-eabi/13.3.1/../../../../arm-none-eabi/lib/thumb/v7-m/nofp/libc_nano.a(libc_a-stdio.o)
                0x080035d2                __sclose
 .text.memset   0x080035da       0x10 /home/royivri/st/stm32cubeclt_1.19.0/GNU-tools-for-STM32/bin/../lib/gcc/arm-none-eabi/13.3.1/../../../../arm-none-eabi/lib/thumb/v7-m/nofp/libc_nano.a(libc_a-memset.o)
                0x080035da                memset
 *fill*         0x080035ea        0x2 
 .text._close_r
                0x080035ec       0x20 /home/royivri/st/stm32cubeclt_1.19.0/GNU-tools-for-STM32/bin/../lib/gcc/arm-none-eabi/13.3.1/../../../../arm-none-eabi/lib/thumb/v7-m/nofp/libc_nano.a(libc_a-closer.o)
                0x080035ec                _close_r
 .text._lseek_r
                0x0800360c       0x24 /home/royivri/st/stm32cubeclt_1.19.0/GNU-tools-for-STM32/bin/../lib/gcc/arm-none-eabi/13.3.1/../../../../arm-none-eabi/lib/thumb/v7-m/nofp/libc_nano.a(libc_a-lseekr.o)
                0x0800360c                _lseek_r
 .text._read_r  0x08003630       0x24 /home/royivri/st/stm32cubeclt_1.19.0/GNU-tools-for-STM32/bin/../lib/gcc/arm-none-eabi/13.3.1/../../../../arm-none-eabi/lib/thumb/v7-m/nofp/libc_nano.a(libc_a-readr.o)
                0x08003630                _read_r
 .text._write_r
                0x08003654       0x24 /home/royivri/st/stm32cubeclt_1.19.0/GNU-tools-for-STM32/bin/../lib/gcc/arm-none-eabi/13.3.1/../../../../arm-none-eabi/lib/thumb/v7-m/nofp/libc_nano.a(libc_a-writer.o)
                0x08003654                _write_r
 .text.__errno  0x08003678        0xc /home/royivri/st/stm32cubeclt_1.19.0/GNU-tools-for-STM32/bin/../lib/gcc/arm-none-eabi/13.3.1/../../../../arm-none-eabi/lib/thumb/v7-m/nofp/libc_nano.a(libc_a-errno.o)
                0x08003678                __errno
 .text.__libc_init_array
                0x08003684       0x48 /home/royivri/st/stm32cubeclt_1.19.0/GNU-tools-for-STM32/bin/../lib/gcc/arm-none-eabi/13.3.1/../../../../arm-none-eabi/lib/thumb/v7-m/nofp/libc_nano.a(libc_a-init.o)
                0x08003684                __libc_init_array
 .text.__retarget_lock_init_recursive
                0x080036cc        0x2 /home/royivri/st/stm32cubeclt_1.19.0/GNU-tools-for-STM32/bin/../lib/gcc/arm-none-eabi/13.3.1/../../../../arm-none-eabi/lib/thumb/v7-m/nofp/libc_nano.a(libc_a-lock.o)
                0x080036cc                __retarget_lock_init_recursive
 .text.__retarget_lock_acquire_recursive
                0x080036ce        0x2 /home/royivri/st/stm32cubeclt_1.19.0/GNU-tools-for-STM32/bin/../lib/gcc/arm-none-eabi/13.3.1/../../../../arm-none-eabi/lib/thumb/v7-m/nofp/libc_nano.a(libc_a-lock.o)
                0x080036ce                __retarget_lock_acquire_recursive
 .text.__retarget_lock_release_recursive
                0x080036d0        0x2 /home/royivri/st/stm32cubeclt_1.19.0/GNU-tools-for-STM32/bin/../lib/gcc/arm-none-eabi/13.3.1/../../../../arm-none-eabi/lib/thumb/v7-m/nofp/libc_nano.a(libc_a-lock.o)
                0x080036d0                __retarget_lock_release_recursive
 .text.memcpy   0x080036d2       0x1c /home/royivri/st/stm32cubeclt_1.19.0/GNU-tools-for-STM32/bin/../lib/gcc/arm-none-eabi/13.3.1/../../../../arm-none-eabi/lib/thumb/v7-m/nofp/libc_nano.a(libc_a-memcpy-stub.o)
                0x080036d2                memcpy
 *fill*         0x080036ee        0x2 
 .text._free_r  0x080036f0       0x90 /home/royivri/st/stm32cubeclt_1.19.0/GNU-tools-for-STM32/bin/../lib/gcc/arm-none-eabi/13.3.1/../../../../arm-none-eabi/lib/thumb/v7-m/nofp/libc_nano.a(libc_a-freer.o)
                0x080036f0                _free_r
 .text.sbrk_aligned
                0x08003780       0x44 /home/royivri/st/stm32cubeclt_1.19.0/GNU-tools-for-STM32/bin/../lib/gcc/arm-none-eabi/13.3.1/../../../../arm-none-eabi/lib/thumb/v7-m/nofp/libc_nano.a(libc_a-mallocr.o)
 .text._malloc_r
                0x080037c4      0x100 /home/royivri/st/stm32cubeclt_1.19.0/GNU-tools-for-STM32/bin/../lib/gcc/arm-none-eabi/13.3.1/../../../../arm-none-eabi/lib/thumb/v7-m/nofp/libc_nano.a(libc_a-mallocr.o)
                0x080037c4                _malloc_r
 .text.__malloc_lock
                0x080038c4        0xc /home/royivri/st/stm32cubeclt_1.19.0/GNU-tools-for-STM32/bin/../lib/gcc/arm-none-eabi/13.3.1/../../../../arm-none-eabi/lib/thumb/v7-m/nofp/libc_nano.a(libc_a-mlock.o)
                0x080038c4                __malloc_lock
 .text.__malloc_unlock
                0x080038d0        0xc /home/royivri/st/stm32cubeclt_1.19.0/GNU-tools-for-STM32/bin/../lib/gcc/arm-none-eabi/13.3.1/../../../../arm-none-eabi/lib/thumb/v7-m/nofp/libc_nano.a(libc_a-mlock.o)
                0x080038d0                __malloc_unlock
 .text.__sfputc_r
                0x080038dc       0x2a /home/royivri/st/stm32cubeclt_1.19.0/GNU-tools-for-STM32/bin/../lib/gcc/arm-none-eabi/13.3.1/../../../../arm-none-eabi/lib/thumb/v7-m/nofp/libc_nano.a(libc_a-nano-vfprintf.o)
 .text.__sfputs_r
                0x08003906       0x24 /home/royivri/st/stm32cubeclt_1.19.0/GNU-tools-for-STM32/bin/../lib/gcc/arm-none-eabi/13.3.1/../../../../arm-none-eabi/lib/thumb/v7-m/nofp/libc_nano.a(libc_a-nano-vfprintf.o)
                0x08003906                __sfputs_r
 *fill*         0x0800392a        0x2 
 .text._vfprintf_r
                0x0800392c      0x230 /home/royivri/st/stm32cubeclt_1.19.0/GNU-tools-for-STM32/bin/../lib/gcc/arm-none-eabi/13.3.1/../../../../arm-none-eabi/lib/thumb/v7-m/nofp/libc_nano.a(libc_a-nano-vfprintf.o)
                0x0800392c                _vfiprintf_r
                0x0800392c                _vfprintf_r
 .text._printf_common
                0x08003b5c       0xe4 /home/royivri/st/stm32cubeclt_1.19.0/GNU-tools-for-STM32/bin/../lib/gcc/arm-none-eabi/13.3.1/../../../../arm-none-eabi/lib/thumb/v7-m/nofp/libc_nano.a(libc_a-nano-vfprintf_i.o)
                0x08003b5c                _printf_common
 .text._printf_i
                0x08003c40      0x23c /home/royivri/st/stm32cubeclt_1.19.0/GNU-tools-for-STM32/bin/../lib/gcc/arm-none-eabi/13.3.1/../../../../arm-none-eabi/lib/thumb/v7-m/nofp/libc_nano.a(libc_a-nano-vfprintf_i.o)
                0x08003c40                _printf_i
 .text.__sflush_r
                0x08003e7c      0x100 /home/royivri/st/stm32cubeclt_1.19.0/GNU-tools-for-STM32/bin/../lib/gcc/arm-none-eabi/13.3.1/../../../../arm-none-eabi/lib/thumb/v7-m/nofp/libc_nano.a(libc_a-fflush.o)
                0x08003e7c                __sflush_r
 .text._fflush_r
                0x08003f7c       0x50 /home/royivri/st/stm32cubeclt_1.19.0/GNU-tools-for-STM32/bin/../lib/gcc/arm-none-eabi/13.3.1/../../../../arm-none-eabi/lib/thumb/v7-m/nofp/libc_nano.a(libc_a-fflush.o)
                0x08003f7c                _fflush_r
 .text.__swbuf_r
                0x08003fcc       0x7c /home/royivri/st/stm32cubeclt_1.19.0/GNU-tools-for-STM32/bin/../lib/gcc/arm-none-eabi/13.3.1/../../../../arm-none-eabi/lib/thumb/v7-m/nofp/libc_nano.a(libc_a-wbuf.o)
                0x08003fcc                __swbuf_r
 .text.__swsetup_r
                0x08004048       0xac /home/royivri/st/stm32cubeclt_1.19.0/GNU-tools-for-STM32/bin/../lib/gcc/arm-none-eabi/13.3.1/../../../../arm-none-eabi/lib/thumb/v7-m/nofp/libc_nano.a(libc_a-wsetup.o)
                0x08004048                __swsetup_r
 .text._sbrk_r  0x080040f4       0x20 /home/royivri/st/stm32cubeclt_1.19.0/GNU-tools-for-STM32/bin/../lib/gcc/arm-none-eabi/13.3.1/../../../../arm-none-eabi/lib/thumb/v7-m/nofp/libc_nano.a(libc_a-sbrkr.o)
                0x080040f4                _sbrk_r
 .text.memchr   0x08004114       0x1c /home/royivri/st/stm32cubeclt_1.19.0/GNU-tools-for-STM32/bin/../lib/gcc/arm-none-eabi/13.3.1/../../../../arm-none-eabi/lib/thumb/v7-m/nofp/libc_nano.a(libc_a-memchr-stub.o)
                0x08004114                memchr
 .text.__swhatbuf_r
                0x08004130       0x4a /home/royivri/st/stm32cubeclt_1.19.0/GNU-tools-for-STM32/bin/../lib/gcc/arm-none-eabi/13.3.1/../../../../arm-none-eabi/lib/thumb/v7-m/nofp/libc_nano.a(libc_a-makebuf.o)
                0x08004130                __swhatbuf_r
 .text.__smakebuf_r
                0x0800417a       0x78 /home/royivri/st/stm32cubeclt_1.19.0/GNU-tools-for-STM32/bin/../lib/gcc/arm-none-eabi/13.3.1/../../../../arm-none-eabi/lib/thumb/v7-m/nofp/libc_nano.a(libc_a-makebuf.o)
                0x0800417a                __smakebuf_r
 *fill*         0x080041f2        0x2 
 .text._fstat_r
                0x080041f4       0x24 /home/royivri/st/stm32cubeclt_1.19.0/GNU-tools-for-STM32/bin/../lib/gcc/arm-none-eabi/13.3.1/../../../../arm-none-eabi/lib/thumb/v7-m/nofp/libc_nano.a(libc_a-fstatr.o)
                0x080041f4                _fstat_r
 .text._isatty_r
                0x08004218       0x20 /home/royivri/st/stm32cubeclt_1.19.0/GNU-tools-for-STM32/bin/../lib/gcc/arm-none-eabi/13.3.1/../../../../arm-none-eabi/lib/thumb/v7-m/nofp/libc_nano.a(libc_a-isattyr.o)
                0x08004218                _isatty_r
 *(.glue_7)
 .glue_7        0x08004238        0x0 linker stubs
 *(.glue_7t)
 .glue_7t       0x08004238        0x0 linker stubs
 *(.eh_frame)
 .eh_frame      0x08004238        0x0 /home/royivri/st/stm32cubeclt_1.19.0/GNU-tools-for-STM32/bin/../lib/gcc/arm-none-eabi/13.3.1/thumb/v7-m/nofp/crtbegin.o
 *(.init)
 .init          0x08004238        0x4 /home/royivri/st/stm32cubeclt_1.19.0/GNU-tools-for-STM32/bin/../lib/gcc/arm-none-eabi/13.3.1/thumb/v7-m/nofp/crti.o
                0x08004238                _init
 .init          0x0800423c        0x8 /home/royivri/st/stm32cubeclt_1.19.0/GNU-tools-for-STM32/bin/../lib/gcc/arm-none-eabi/13.3.1/thumb/v7-m/nofp/crtn.o
 *(.fini)
 .fini          0x08004244        0x4 /home/royivri/st/stm32cubeclt_1.19.0/GNU-tools-for-STM32/bin/../lib/gcc/arm-none-eabi/13.3.1/thumb/v7-m/nofp/crti.o
                0x08004244                _fini
 .fini          0x08004248        0x8 /home/royivri/st/stm32cubeclt_1.19.0/GNU-tools-for-STM32/bin/../lib/gcc/arm-none-eabi/13.3.1/thumb/v7-m/nofp/crtn.o
                0x08004250                        . = ALIGN (0x4)
                0x08004250                        _etext = .

.vfp11_veneer   0x08004250        0x0
 .vfp11_veneer  0x08004250        0x0 linker stubs

.v4_bx          0x08004250        0x0
 .v4_bx         0x08004250        0x0 linker stubs

.iplt           0x08004250        0x0
 .iplt          0x08004250        0x0 /home/royivri/st/stm32cubeclt_1.19.0/GNU-tools-for-STM32/bin/../lib/gcc/arm-none-eabi/13.3.1/thumb/v7-m/nofp/crtbegin.o

.rodata         0x08004250       0xb4
                0x08004250                        . = ALIGN (0x4)
 *(.rodata)
 .rodata        0x08004250       0x50 ./Core/Src/LoRa.o
 .rodata        0x080042a0        0x9 ./Core/Src/main.o
 *(.rodata*)
 *fill*         0x080042a9        0x3 
 .rodata.AHBPrescTable
                0x080042ac       0x10 ./Core/Src/system_stm32f1xx.o
                0x080042ac                AHBPrescTable
 .rodata.aPLLMULFactorTable.1
                0x080042bc       0x10 ./Drivers/STM32F1xx_HAL_Driver/Src/stm32f1xx_hal_rcc.o
 .rodata.aPredivFactorTable.0
                0x080042cc        0x2 ./Drivers/STM32F1xx_HAL_Driver/Src/stm32f1xx_hal_rcc.o
 .rodata._vfprintf_r.str1.1
                0x080042ce       0x33 /home/royivri/st/stm32cubeclt_1.19.0/GNU-tools-for-STM32/bin/../lib/gcc/arm-none-eabi/13.3.1/../../../../arm-none-eabi/lib/thumb/v7-m/nofp/libc_nano.a(libc_a-nano-vfprintf.o)
                                 0x11 (size before relaxing)
 .rodata._printf_i.str1.1
                0x08004301       0x22 /home/royivri/st/stm32cubeclt_1.19.0/GNU-tools-for-STM32/bin/../lib/gcc/arm-none-eabi/13.3.1/../../../../arm-none-eabi/lib/thumb/v7-m/nofp/libc_nano.a(libc_a-nano-vfprintf_i.o)
                0x08004324                        . = ALIGN (0x4)
 *fill*         0x08004301        0x3 

.ARM.extab      0x08004304        0x0
                0x08004304                        . = ALIGN (0x4)
 *(.ARM.extab* .gnu.linkonce.armextab.*)
                0x08004304                        . = ALIGN (0x4)

.ARM            0x08004304        0x0
                0x08004304                        . = ALIGN (0x4)
                0x08004304                        __exidx_start = .
 *(.ARM.exidx*)
                0x08004304                        __exidx_end = .
                0x08004304                        . = ALIGN (0x4)

.preinit_array  0x08004304        0x0
                0x08004304                        . = ALIGN (0x4)
                0x08004304                        PROVIDE (__preinit_array_start = .)
 *(.preinit_array*)
                0x08004304                        PROVIDE (__preinit_array_end = .)
                0x08004304                        . = ALIGN (0x4)

.init_array     0x08004304        0x4
                0x08004304                        . = ALIGN (0x4)
                0x08004304                        PROVIDE (__init_array_start = .)
 *(SORT_BY_NAME(.init_array.*))
 *(.init_array*)
 .init_array    0x08004304        0x4 /home/royivri/st/stm32cubeclt_1.19.0/GNU-tools-for-STM32/bin/../lib/gcc/arm-none-eabi/13.3.1/thumb/v7-m/nofp/crtbegin.o
                0x08004308                        PROVIDE (__init_array_end = .)
                0x08004308                        . = ALIGN (0x4)

.fini_array     0x08004308        0x4
                0x08004308                        . = ALIGN (0x4)
                [!provide]                        PROVIDE (__fini_array_start = .)
 *(SORT_BY_NAME(.fini_array.*))
 *(.fini_array*)
 .fini_array    0x08004308        0x4 /home/royivri/st/stm32cubeclt_1.19.0/GNU-tools-for-STM32/bin/../lib/gcc/arm-none-eabi/13.3.1/thumb/v7-m/nofp/crtbegin.o
                [!provide]                        PROVIDE (__fini_array_end = .)
                0x0800430c                        . = ALIGN (0x4)
                0x0800430c                        _sidata = LOADADDR (.data)

.rel.dyn        0x0800430c        0x0
 .rel.iplt      0x0800430c        0x0 /home/royivri/st/stm32cubeclt_1.19.0/GNU-tools-for-STM32/bin/../lib/gcc/arm-none-eabi/13.3.1/thumb/v7-m/nofp/crtbegin.o

.data           0x20000000       0x68 load address 0x0800430c
                0x20000000                        . = ALIGN (0x4)
                0x20000000                        _sdata = .
 *(.data)
 *(.data*)
 .data.SystemCoreClock
                0x20000000        0x4 ./Core/Src/system_stm32f1xx.o
                0x20000000                SystemCoreClock
 .data.uwTickPrio
                0x20000004        0x4 ./Drivers/STM32F1xx_HAL_Driver/Src/stm32f1xx_hal.o
                0x20000004                uwTickPrio
 .data.uwTickFreq
                0x20000008        0x1 ./Drivers/STM32F1xx_HAL_Driver/Src/stm32f1xx_hal.o
                0x20000008                uwTickFreq
 *fill*         0x20000009        0x3 
 .data.__sglue  0x2000000c        0xc /home/royivri/st/stm32cubeclt_1.19.0/GNU-tools-for-STM32/bin/../lib/gcc/arm-none-eabi/13.3.1/../../../../arm-none-eabi/lib/thumb/v7-m/nofp/libc_nano.a(libc_a-findfp.o)
                0x2000000c                __sglue
 .data._impure_ptr
                0x20000018        0x4 /home/royivri/st/stm32cubeclt_1.19.0/GNU-tools-for-STM32/bin/../lib/gcc/arm-none-eabi/13.3.1/../../../../arm-none-eabi/lib/thumb/v7-m/nofp/libc_nano.a(libc_a-impure.o)
                0x20000018                _impure_ptr
 .data._impure_data
                0x2000001c       0x4c /home/royivri/st/stm32cubeclt_1.19.0/GNU-tools-for-STM32/bin/../lib/gcc/arm-none-eabi/13.3.1/../../../../arm-none-eabi/lib/thumb/v7-m/nofp/libc_nano.a(libc_a-impure.o)
                0x2000001c                _impure_data
 *(.RamFunc)
 *(.RamFunc*)
                0x20000068                        . = ALIGN (0x4)
                0x20000068                        _edata = .

.igot.plt       0x20000068        0x0 load address 0x08004374
 .igot.plt      0x20000068        0x0 /home/royivri/st/stm32cubeclt_1.19.0/GNU-tools-for-STM32/bin/../lib/gcc/arm-none-eabi/13.3.1/thumb/v7-m/nofp/crtbegin.o
                0x20000068                        . = ALIGN (0x4)

.bss            0x20000068      0x20c load address 0x08004374
                0x20000068                        _sbss = .
                0x20000068                        __bss_start__ = _sbss
 *(.bss)
 .bss           0x20000068       0x1c /home/royivri/st/stm32cubeclt_1.19.0/GNU-tools-for-STM32/bin/../lib/gcc/arm-none-eabi/13.3.1/thumb/v7-m/nofp/crtbegin.o
 *(.bss*)
 .bss.hspi2     0x20000084       0x58 ./Core/Src/main.o
                0x20000084                hspi2
 .bss.button_pressed
                0x200000dc        0x1 ./Core/Src/main.o
                0x200000dc                button_pressed
 *fill*         0x200000dd        0x3 
 .bss.myLoRa    0x200000e0       0x2c ./Core/Src/main.o
                0x200000e0                myLoRa
 .bss.msg_counter
                0x2000010c        0x1 ./Core/Src/main.o
 *fill*         0x2000010d        0x3 
 .bss.received_data
                0x20000110        0xa ./Core/Src/main.o
                0x20000110                received_data
 .bss.light_received_led
                0x2000011a        0x1 ./Core/Src/main.o
                0x2000011a                light_received_led
 *fill*         0x2000011b        0x1 
 .bss.__sbrk_heap_end
                0x2000011c        0x4 ./Core/Src/sysmem.o
 .bss.mesh_id   0x20000120        0x2 ./Core/Src/Util/id.o
                0x20000120                mesh_id
 *fill*         0x20000122        0x2 
 .bss.uwTick    0x20000124        0x4 ./Drivers/STM32F1xx_HAL_Driver/Src/stm32f1xx_hal.o
                0x20000124                uwTick
 .bss.__sf      0x20000128      0x138 /home/royivri/st/stm32cubeclt_1.19.0/GNU-tools-for-STM32/bin/../lib/gcc/arm-none-eabi/13.3.1/../../../../arm-none-eabi/lib/thumb/v7-m/nofp/libc_nano.a(libc_a-findfp.o)
                0x20000128                __sf
 .bss.__stdio_exit_handler
                0x20000260        0x4 /home/royivri/st/stm32cubeclt_1.19.0/GNU-tools-for-STM32/bin/../lib/gcc/arm-none-eabi/13.3.1/../../../../arm-none-eabi/lib/thumb/v7-m/nofp/libc_nano.a(libc_a-findfp.o)
                0x20000260                __stdio_exit_handler
 .bss.errno     0x20000264        0x4 /home/royivri/st/stm32cubeclt_1.19.0/GNU-tools-for-STM32/bin/../lib/gcc/arm-none-eabi/13.3.1/../../../../arm-none-eabi/lib/thumb/v7-m/nofp/libc_nano.a(libc_a-reent.o)
                0x20000264                errno
 .bss.__lock___malloc_recursive_mutex
                0x20000268        0x1 /home/royivri/st/stm32cubeclt_1.19.0/GNU-tools-for-STM32/bin/../lib/gcc/arm-none-eabi/13.3.1/../../../../arm-none-eabi/lib/thumb/v7-m/nofp/libc_nano.a(libc_a-lock.o)
                0x20000268                __lock___malloc_recursive_mutex
 .bss.__lock___sfp_recursive_mutex
                0x20000269        0x1 /home/royivri/st/stm32cubeclt_1.19.0/GNU-tools-for-STM32/bin/../lib/gcc/arm-none-eabi/13.3.1/../../../../arm-none-eabi/lib/thumb/v7-m/nofp/libc_nano.a(libc_a-lock.o)
                0x20000269                __lock___sfp_recursive_mutex
 *fill*         0x2000026a        0x2 
 .bss.__malloc_sbrk_start
                0x2000026c        0x4 /home/royivri/st/stm32cubeclt_1.19.0/GNU-tools-for-STM32/bin/../lib/gcc/arm-none-eabi/13.3.1/../../../../arm-none-eabi/lib/thumb/v7-m/nofp/libc_nano.a(libc_a-mallocr.o)
                0x2000026c                __malloc_sbrk_start
 .bss.__malloc_free_list
                0x20000270        0x4 /home/royivri/st/stm32cubeclt_1.19.0/GNU-tools-for-STM32/bin/../lib/gcc/arm-none-eabi/13.3.1/../../../../arm-none-eabi/lib/thumb/v7-m/nofp/libc_nano.a(libc_a-mallocr.o)
                0x20000270                __malloc_free_list
 *(COMMON)
                0x20000274                        . = ALIGN (0x4)
                0x20000274                        _ebss = .
                0x20000274                        __bss_end__ = _ebss

._user_heap_stack
                0x20000274      0x604 load address 0x08004374
                0x20000278                        . = ALIGN (0x8)
 *fill*         0x20000274        0x4 
                [!provide]                        PROVIDE (end = .)
                0x20000278                        PROVIDE (_end = .)
                0x20000478                        . = (. + _Min_Heap_Size)
 *fill*         0x20000278      0x200 
                0x20000878                        . = (. + _Min_Stack_Size)
 *fill*         0x20000478      0x400 
                0x20000878                        . = ALIGN (0x8)

/DISCARD/
 libc.a(*)
 libm.a(*)
 libgcc.a(*)

.ARM.attributes
                0x00000000       0x29
 *(.ARM.attributes)
 .ARM.attributes
                0x00000000       0x1d /home/royivri/st/stm32cubeclt_1.19.0/GNU-tools-for-STM32/bin/../lib/gcc/arm-none-eabi/13.3.1/thumb/v7-m/nofp/crti.o
 .ARM.attributes
                0x0000001d       0x2d /home/royivri/st/stm32cubeclt_1.19.0/GNU-tools-for-STM32/bin/../lib/gcc/arm-none-eabi/13.3.1/thumb/v7-m/nofp/crtbegin.o
 .ARM.attributes
                0x0000004a       0x2d ./Core/Src/LoRa.o
 .ARM.attributes
                0x00000077       0x2d ./Core/Src/main.o
 .ARM.attributes
                0x000000a4       0x2d ./Core/Src/packet.o
 .ARM.attributes
                0x000000d1       0x2d ./Core/Src/stm32f1xx_hal_msp.o
 .ARM.attributes
                0x000000fe       0x2d ./Core/Src/stm32f1xx_it.o
 .ARM.attributes
                0x0000012b       0x2d ./Core/Src/syscalls.o
 .ARM.attributes
                0x00000158       0x2d ./Core/Src/sysmem.o
 .ARM.attributes
                0x00000185       0x2d ./Core/Src/system_stm32f1xx.o
 .ARM.attributes
                0x000001b2       0x2d ./Core/Src/Util/id.o
 .ARM.attributes
                0x000001df       0x21 ./Core/Startup/startup_stm32f103c8tx.o
 .ARM.attributes
                0x00000200       0x2d ./Drivers/STM32F1xx_HAL_Driver/Src/stm32f1xx_hal.o
 .ARM.attributes
                0x0000022d       0x2d ./Drivers/STM32F1xx_HAL_Driver/Src/stm32f1xx_hal_cortex.o
 .ARM.attributes
                0x0000025a       0x2d ./Drivers/STM32F1xx_HAL_Driver/Src/stm32f1xx_hal_gpio.o
 .ARM.attributes
                0x00000287       0x2d ./Drivers/STM32F1xx_HAL_Driver/Src/stm32f1xx_hal_rcc.o
 .ARM.attributes
                0x000002b4       0x2d ./Drivers/STM32F1xx_HAL_Driver/Src/stm32f1xx_hal_spi.o
 .ARM.attributes
                0x000002e1       0x2d /home/royivri/st/stm32cubeclt_1.19.0/GNU-tools-for-STM32/bin/../lib/gcc/arm-none-eabi/13.3.1/../../../../arm-none-eabi/lib/thumb/v7-m/nofp/libc_nano.a(libc_a-findfp.o)
 .ARM.attributes
                0x0000030e       0x2d /home/royivri/st/stm32cubeclt_1.19.0/GNU-tools-for-STM32/bin/../lib/gcc/arm-none-eabi/13.3.1/../../../../arm-none-eabi/lib/thumb/v7-m/nofp/libc_nano.a(libc_a-fwalk.o)
 .ARM.attributes
                0x0000033b       0x2d /home/royivri/st/stm32cubeclt_1.19.0/GNU-tools-for-STM32/bin/../lib/gcc/arm-none-eabi/13.3.1/../../../../arm-none-eabi/lib/thumb/v7-m/nofp/libc_nano.a(libc_a-printf.o)
 .ARM.attributes
                0x00000368       0x2d /home/royivri/st/stm32cubeclt_1.19.0/GNU-tools-for-STM32/bin/../lib/gcc/arm-none-eabi/13.3.1/../../../../arm-none-eabi/lib/thumb/v7-m/nofp/libc_nano.a(libc_a-stdio.o)
 .ARM.attributes
                0x00000395       0x2d /home/royivri/st/stm32cubeclt_1.19.0/GNU-tools-for-STM32/bin/../lib/gcc/arm-none-eabi/13.3.1/../../../../arm-none-eabi/lib/thumb/v7-m/nofp/libc_nano.a(libc_a-memset.o)
 .ARM.attributes
                0x000003c2       0x2d /home/royivri/st/stm32cubeclt_1.19.0/GNU-tools-for-STM32/bin/../lib/gcc/arm-none-eabi/13.3.1/../../../../arm-none-eabi/lib/thumb/v7-m/nofp/libc_nano.a(libc_a-closer.o)
 .ARM.attributes
                0x000003ef       0x2d /home/royivri/st/stm32cubeclt_1.19.0/GNU-tools-for-STM32/bin/../lib/gcc/arm-none-eabi/13.3.1/../../../../arm-none-eabi/lib/thumb/v7-m/nofp/libc_nano.a(libc_a-reent.o)
 .ARM.attributes
                0x0000041c       0x2d /home/royivri/st/stm32cubeclt_1.19.0/GNU-tools-for-STM32/bin/../lib/gcc/arm-none-eabi/13.3.1/../../../../arm-none-eabi/lib/thumb/v7-m/nofp/libc_nano.a(libc_a-impure.o)
 .ARM.attributes
                0x00000449       0x2d /home/royivri/st/stm32cubeclt_1.19.0/GNU-tools-for-STM32/bin/../lib/gcc/arm-none-eabi/13.3.1/../../../../arm-none-eabi/lib/thumb/v7-m/nofp/libc_nano.a(libc_a-lseekr.o)
 .ARM.attributes
                0x00000476       0x2d /home/royivri/st/stm32cubeclt_1.19.0/GNU-tools-for-STM32/bin/../lib/gcc/arm-none-eabi/13.3.1/../../../../arm-none-eabi/lib/thumb/v7-m/nofp/libc_nano.a(libc_a-readr.o)
 .ARM.attributes
                0x000004a3       0x2d /home/royivri/st/stm32cubeclt_1.19.0/GNU-tools-for-STM32/bin/../lib/gcc/arm-none-eabi/13.3.1/../../../../arm-none-eabi/lib/thumb/v7-m/nofp/libc_nano.a(libc_a-writer.o)
 .ARM.attributes
                0x000004d0       0x2d /home/royivri/st/stm32cubeclt_1.19.0/GNU-tools-for-STM32/bin/../lib/gcc/arm-none-eabi/13.3.1/../../../../arm-none-eabi/lib/thumb/v7-m/nofp/libc_nano.a(libc_a-errno.o)
 .ARM.attributes
                0x000004fd       0x2d /home/royivri/st/stm32cubeclt_1.19.0/GNU-tools-for-STM32/bin/../lib/gcc/arm-none-eabi/13.3.1/../../../../arm-none-eabi/lib/thumb/v7-m/nofp/libc_nano.a(libc_a-init.o)
 .ARM.attributes
                0x0000052a       0x2d /home/royivri/st/stm32cubeclt_1.19.0/GNU-tools-for-STM32/bin/../lib/gcc/arm-none-eabi/13.3.1/../../../../arm-none-eabi/lib/thumb/v7-m/nofp/libc_nano.a(libc_a-lock.o)
 .ARM.attributes
                0x00000557       0x2d /home/royivri/st/stm32cubeclt_1.19.0/GNU-tools-for-STM32/bin/../lib/gcc/arm-none-eabi/13.3.1/../../../../arm-none-eabi/lib/thumb/v7-m/nofp/libc_nano.a(libc_a-memcpy-stub.o)
 .ARM.attributes
                0x00000584       0x2d /home/royivri/st/stm32cubeclt_1.19.0/GNU-tools-for-STM32/bin/../lib/gcc/arm-none-eabi/13.3.1/../../../../arm-none-eabi/lib/thumb/v7-m/nofp/libc_nano.a(libc_a-freer.o)
 .ARM.attributes
                0x000005b1       0x2d /home/royivri/st/stm32cubeclt_1.19.0/GNU-tools-for-STM32/bin/../lib/gcc/arm-none-eabi/13.3.1/../../../../arm-none-eabi/lib/thumb/v7-m/nofp/libc_nano.a(libc_a-mallocr.o)
 .ARM.attributes
                0x000005de       0x2d /home/royivri/st/stm32cubeclt_1.19.0/GNU-tools-for-STM32/bin/../lib/gcc/arm-none-eabi/13.3.1/../../../../arm-none-eabi/lib/thumb/v7-m/nofp/libc_nano.a(libc_a-mlock.o)
 .ARM.attributes
                0x0000060b       0x2d /home/royivri/st/stm32cubeclt_1.19.0/GNU-tools-for-STM32/bin/../lib/gcc/arm-none-eabi/13.3.1/../../../../arm-none-eabi/lib/thumb/v7-m/nofp/libc_nano.a(libc_a-nano-vfprintf.o)
 .ARM.attributes
                0x00000638       0x2d /home/royivri/st/stm32cubeclt_1.19.0/GNU-tools-for-STM32/bin/../lib/gcc/arm-none-eabi/13.3.1/../../../../arm-none-eabi/lib/thumb/v7-m/nofp/libc_nano.a(libc_a-nano-vfprintf_i.o)
 .ARM.attributes
                0x00000665       0x2d /home/royivri/st/stm32cubeclt_1.19.0/GNU-tools-for-STM32/bin/../lib/gcc/arm-none-eabi/13.3.1/../../../../arm-none-eabi/lib/thumb/v7-m/nofp/libc_nano.a(libc_a-fflush.o)
 .ARM.attributes
                0x00000692       0x2d /home/royivri/st/stm32cubeclt_1.19.0/GNU-tools-for-STM32/bin/../lib/gcc/arm-none-eabi/13.3.1/../../../../arm-none-eabi/lib/thumb/v7-m/nofp/libc_nano.a(libc_a-wbuf.o)
 .ARM.attributes
                0x000006bf       0x2d /home/royivri/st/stm32cubeclt_1.19.0/GNU-tools-for-STM32/bin/../lib/gcc/arm-none-eabi/13.3.1/../../../../arm-none-eabi/lib/thumb/v7-m/nofp/libc_nano.a(libc_a-wsetup.o)
 .ARM.attributes
                0x000006ec       0x2d /home/royivri/st/stm32cubeclt_1.19.0/GNU-tools-for-STM32/bin/../lib/gcc/arm-none-eabi/13.3.1/../../../../arm-none-eabi/lib/thumb/v7-m/nofp/libc_nano.a(libc_a-sbrkr.o)
 .ARM.attributes
                0x00000719       0x2d /home/royivri/st/stm32cubeclt_1.19.0/GNU-tools-for-STM32/bin/../lib/gcc/arm-none-eabi/13.3.1/../../../../arm-none-eabi/lib/thumb/v7-m/nofp/libc_nano.a(libc_a-memchr-stub.o)
 .ARM.attributes
                0x00000746       0x2d /home/royivri/st/stm32cubeclt_1.19.0/GNU-tools-for-STM32/bin/../lib/gcc/arm-none-eabi/13.3.1/../../../../arm-none-eabi/lib/thumb/v7-m/nofp/libc_nano.a(libc_a-makebuf.o)
 .ARM.attributes
                0x00000773       0x2d /home/royivri/st/stm32cubeclt_1.19.0/GNU-tools-for-STM32/bin/../lib/gcc/arm-none-eabi/13.3.1/../../../../arm-none-eabi/lib/thumb/v7-m/nofp/libc_nano.a(libc_a-fstatr.o)
 .ARM.attributes
                0x000007a0       0x2d /home/royivri/st/stm32cubeclt_1.19.0/GNU-tools-for-STM32/bin/../lib/gcc/arm-none-eabi/13.3.1/../../../../arm-none-eabi/lib/thumb/v7-m/nofp/libc_nano.a(libc_a-isattyr.o)
 .ARM.attributes
                0x000007cd       0x1d /home/royivri/st/stm32cubeclt_1.19.0/GNU-tools-for-STM32/bin/../lib/gcc/arm-none-eabi/13.3.1/thumb/v7-m/nofp/libgcc.a(_arm_addsubdf3.o)
 .ARM.attributes
                0x000007ea       0x1d /home/royivri/st/stm32cubeclt_1.19.0/GNU-tools-for-STM32/bin/../lib/gcc/arm-none-eabi/13.3.1/thumb/v7-m/nofp/libgcc.a(_arm_muldivdf3.o)
 .ARM.attributes
                0x00000807       0x1d /home/royivri/st/stm32cubeclt_1.19.0/GNU-tools-for-STM32/bin/../lib/gcc/arm-none-eabi/13.3.1/thumb/v7-m/nofp/libgcc.a(_arm_fixdfsi.o)
 .ARM.attributes
                0x00000824       0x1d /home/royivri/st/stm32cubeclt_1.19.0/GNU-tools-for-STM32/bin/../lib/gcc/arm-none-eabi/13.3.1/thumb/v7-m/nofp/crtn.o
OUTPUT(radio.elf elf32-littlearm)
LOAD linker stubs
LOAD /home/royivri/st/stm32cubeclt_1.19.0/GNU-tools-for-STM32/bin/../lib/gcc/arm-none-eabi/13.3.1/../../../../arm-none-eabi/lib/thumb/v7-m/nofp/libc.a
LOAD /home/royivri/st/stm32cubeclt_1.19.0/GNU-tools-for-STM32/bin/../lib/gcc/arm-none-eabi/13.3.1/../../../../arm-none-eabi/lib/thumb/v7-m/nofp/libm.a
LOAD /home/royivri/st/stm32cubeclt_1.19.0/GNU-tools-for-STM32/bin/../lib/gcc/arm-none-eabi/13.3.1/thumb/v7-m/nofp/libgcc.a

.debug_info     0x00000000     0x6841
 .debug_info    0x00000000      0xdf3 ./Core/Src/LoRa.o
 .debug_info    0x00000df3      0xf20 ./Core/Src/main.o
 .debug_info    0x00001d13      0x2f8 ./Core/Src/packet.o
 .debug_info    0x0000200b      0x81f ./Core/Src/stm32f1xx_hal_msp.o
 .debug_info    0x0000282a      0x14b ./Core/Src/stm32f1xx_it.o
 .debug_info    0x00002975      0x6a3 ./Core/Src/syscalls.o
 .debug_info    0x00003018      0x168 ./Core/Src/sysmem.o
 .debug_info    0x00003180      0x222 ./Core/Src/system_stm32f1xx.o
 .debug_info    0x000033a2      0x137 ./Core/Src/Util/id.o
 .debug_info    0x000034d9       0x30 ./Core/Startup/startup_stm32f103c8tx.o
 .debug_info    0x00003509      0x704 ./Drivers/STM32F1xx_HAL_Driver/Src/stm32f1xx_hal.o
 .debug_info    0x00003c0d      0xa87 ./Drivers/STM32F1xx_HAL_Driver/Src/stm32f1xx_hal_cortex.o
 .debug_info    0x00004694      0x5ab ./Drivers/STM32F1xx_HAL_Driver/Src/stm32f1xx_hal_gpio.o
 .debug_info    0x00004c3f      0x7d5 ./Drivers/STM32F1xx_HAL_Driver/Src/stm32f1xx_hal_rcc.o
 .debug_info    0x00005414     0x142d ./Drivers/STM32F1xx_HAL_Driver/Src/stm32f1xx_hal_spi.o

.debug_abbrev   0x00000000     0x19ce
 .debug_abbrev  0x00000000      0x28a ./Core/Src/LoRa.o
 .debug_abbrev  0x0000028a      0x337 ./Core/Src/main.o
 .debug_abbrev  0x000005c1      0x145 ./Core/Src/packet.o
 .debug_abbrev  0x00000706      0x1ac ./Core/Src/stm32f1xx_hal_msp.o
 .debug_abbrev  0x000008b2       0xa0 ./Core/Src/stm32f1xx_it.o
 .debug_abbrev  0x00000952      0x1b6 ./Core/Src/syscalls.o
 .debug_abbrev  0x00000b08       0xbc ./Core/Src/sysmem.o
 .debug_abbrev  0x00000bc4      0x13f ./Core/Src/system_stm32f1xx.o
 .debug_abbrev  0x00000d03       0xb7 ./Core/Src/Util/id.o
 .debug_abbrev  0x00000dba       0x24 ./Core/Startup/startup_stm32f103c8tx.o
 .debug_abbrev  0x00000dde      0x201 ./Drivers/STM32F1xx_HAL_Driver/Src/stm32f1xx_hal.o
 .debug_abbrev  0x00000fdf      0x2f8 ./Drivers/STM32F1xx_HAL_Driver/Src/stm32f1xx_hal_cortex.o
 .debug_abbrev  0x000012d7      0x1ca ./Drivers/STM32F1xx_HAL_Driver/Src/stm32f1xx_hal_gpio.o
 .debug_abbrev  0x000014a1      0x2b3 ./Drivers/STM32F1xx_HAL_Driver/Src/stm32f1xx_hal_rcc.o
 .debug_abbrev  0x00001754      0x27a ./Drivers/STM32F1xx_HAL_Driver/Src/stm32f1xx_hal_spi.o

.debug_aranges  0x00000000      0x7c0
 .debug_aranges
                0x00000000       0xc8 ./Core/Src/LoRa.o
 .debug_aranges
                0x000000c8       0x50 ./Core/Src/main.o
 .debug_aranges
                0x00000118       0x38 ./Core/Src/packet.o
 .debug_aranges
                0x00000150       0x30 ./Core/Src/stm32f1xx_hal_msp.o
 .debug_aranges
                0x00000180       0x68 ./Core/Src/stm32f1xx_it.o
 .debug_aranges
                0x000001e8       0xa8 ./Core/Src/syscalls.o
 .debug_aranges
                0x00000290       0x20 ./Core/Src/sysmem.o
 .debug_aranges
                0x000002b0       0x28 ./Core/Src/system_stm32f1xx.o
 .debug_aranges
                0x000002d8       0x28 ./Core/Src/Util/id.o
 .debug_aranges
                0x00000300       0x28 ./Core/Startup/startup_stm32f103c8tx.o
 .debug_aranges
                0x00000328       0xe0 ./Drivers/STM32F1xx_HAL_Driver/Src/stm32f1xx_hal.o
 .debug_aranges
                0x00000408      0x100 ./Drivers/STM32F1xx_HAL_Driver/Src/stm32f1xx_hal_cortex.o
 .debug_aranges
                0x00000508       0x58 ./Drivers/STM32F1xx_HAL_Driver/Src/stm32f1xx_hal_gpio.o
 .debug_aranges
                0x00000560       0x90 ./Drivers/STM32F1xx_HAL_Driver/Src/stm32f1xx_hal_rcc.o
 .debug_aranges
                0x000005f0      0x1d0 ./Drivers/STM32F1xx_HAL_Driver/Src/stm32f1xx_hal_spi.o

.debug_rnglists
                0x00000000      0x5ad
 .debug_rnglists
                0x00000000       0x96 ./Core/Src/LoRa.o
 .debug_rnglists
                0x00000096       0x39 ./Core/Src/main.o
 .debug_rnglists
                0x000000cf       0x26 ./Core/Src/packet.o
 .debug_rnglists
                0x000000f5       0x20 ./Core/Src/stm32f1xx_hal_msp.o
 .debug_rnglists
                0x00000115       0x49 ./Core/Src/stm32f1xx_it.o
 .debug_rnglists
                0x0000015e       0x79 ./Core/Src/syscalls.o
 .debug_rnglists
                0x000001d7       0x13 ./Core/Src/sysmem.o
 .debug_rnglists
                0x000001ea       0x1a ./Core/Src/system_stm32f1xx.o
 .debug_rnglists
                0x00000204       0x19 ./Core/Src/Util/id.o
 .debug_rnglists
                0x0000021d       0x19 ./Core/Startup/startup_stm32f103c8tx.o
 .debug_rnglists
                0x00000236       0xa3 ./Drivers/STM32F1xx_HAL_Driver/Src/stm32f1xx_hal.o
 .debug_rnglists
                0x000002d9       0xbb ./Drivers/STM32F1xx_HAL_Driver/Src/stm32f1xx_hal_cortex.o
 .debug_rnglists
                0x00000394       0x3f ./Drivers/STM32F1xx_HAL_Driver/Src/stm32f1xx_hal_gpio.o
 .debug_rnglists
                0x000003d3       0x6c ./Drivers/STM32F1xx_HAL_Driver/Src/stm32f1xx_hal_rcc.o
 .debug_rnglists
                0x0000043f      0x16e ./Drivers/STM32F1xx_HAL_Driver/Src/stm32f1xx_hal_spi.o

.debug_macro    0x00000000    0x17dfc
 .debug_macro   0x00000000      0x1a6 ./Core/Src/LoRa.o
 .debug_macro   0x000001a6      0xacc ./Core/Src/LoRa.o
 .debug_macro   0x00000c72      0x215 ./Core/Src/LoRa.o
 .debug_macro   0x00000e87       0x2e ./Core/Src/LoRa.o
 .debug_macro   0x00000eb5       0x22 ./Core/Src/LoRa.o
 .debug_macro   0x00000ed7       0x22 ./Core/Src/LoRa.o
 .debug_macro   0x00000ef9       0x8e ./Core/Src/LoRa.o
 .debug_macro   0x00000f87       0x51 ./Core/Src/LoRa.o
 .debug_macro   0x00000fd8      0x103 ./Core/Src/LoRa.o
 .debug_macro   0x000010db       0x6a ./Core/Src/LoRa.o
 .debug_macro   0x00001145      0x1df ./Core/Src/LoRa.o
 .debug_macro   0x00001324       0x1c ./Core/Src/LoRa.o
 .debug_macro   0x00001340       0x22 ./Core/Src/LoRa.o
 .debug_macro   0x00001362       0xbd ./Core/Src/LoRa.o
 .debug_macro   0x0000141f      0xd23 ./Core/Src/LoRa.o
 .debug_macro   0x00002142     0xe09e ./Core/Src/LoRa.o
 .debug_macro   0x000101e0       0x6d ./Core/Src/LoRa.o
 .debug_macro   0x0001024d     0x34a2 ./Core/Src/LoRa.o
 .debug_macro   0x000136ef      0x190 ./Core/Src/LoRa.o
 .debug_macro   0x0001387f       0x5c ./Core/Src/LoRa.o
 .debug_macro   0x000138db      0x5bc ./Core/Src/LoRa.o
 .debug_macro   0x00013e97      0x289 ./Core/Src/LoRa.o
 .debug_macro   0x00014120      0x1cb ./Core/Src/LoRa.o
 .debug_macro   0x000142eb      0x114 ./Core/Src/LoRa.o
 .debug_macro   0x000143ff      0x1b2 ./Core/Src/LoRa.o
 .debug_macro   0x000145b1       0x27 ./Core/Src/LoRa.o
 .debug_macro   0x000145d8      0x136 ./Core/Src/LoRa.o
 .debug_macro   0x0001470e      0x1bc ./Core/Src/LoRa.o
 .debug_macro   0x000148ca       0x34 ./Core/Src/LoRa.o
 .debug_macro   0x000148fe       0x3c ./Core/Src/LoRa.o
 .debug_macro   0x0001493a       0x57 ./Core/Src/LoRa.o
 .debug_macro   0x00014991       0x87 ./Core/Src/LoRa.o
 .debug_macro   0x00014a18      0x240 ./Core/Src/LoRa.o
 .debug_macro   0x00014c58      0x140 ./Core/Src/LoRa.o
 .debug_macro   0x00014d98      0x217 ./Core/Src/LoRa.o
 .debug_macro   0x00014faf       0x83 ./Core/Src/LoRa.o
 .debug_macro   0x00015032       0x88 ./Core/Src/LoRa.o
 .debug_macro   0x000150ba      0x172 ./Core/Src/LoRa.o
 .debug_macro   0x0001522c      0x2d9 ./Core/Src/main.o
 .debug_macro   0x00015505       0x61 ./Core/Src/main.o
 .debug_macro   0x00015566       0x24 ./Core/Src/main.o
 .debug_macro   0x0001558a       0x43 ./Core/Src/main.o
 .debug_macro   0x000155cd       0x34 ./Core/Src/main.o
 .debug_macro   0x00015601      0x370 ./Core/Src/main.o
 .debug_macro   0x00015971       0x16 ./Core/Src/main.o
 .debug_macro   0x00015987       0x4a ./Core/Src/main.o
 .debug_macro   0x000159d1       0x34 ./Core/Src/main.o
 .debug_macro   0x00015a05       0x10 ./Core/Src/main.o
 .debug_macro   0x00015a15       0x58 ./Core/Src/main.o
 .debug_macro   0x00015a6d       0x8e ./Core/Src/main.o
 .debug_macro   0x00015afb       0x1c ./Core/Src/main.o
 .debug_macro   0x00015b17      0x185 ./Core/Src/main.o
 .debug_macro   0x00015c9c       0x10 ./Core/Src/main.o
 .debug_macro   0x00015cac       0x3c ./Core/Src/main.o
 .debug_macro   0x00015ce8       0x20 ./Core/Src/main.o
 .debug_macro   0x00015d08       0x1c ./Core/Src/main.o
 .debug_macro   0x00015d24       0x10 ./Core/Src/main.o
 .debug_macro   0x00015d34       0x1c ./Core/Src/main.o
 .debug_macro   0x00015d50       0x16 ./Core/Src/main.o
 .debug_macro   0x00015d66      0x146 ./Core/Src/main.o
 .debug_macro   0x00015eac       0x22 ./Core/Src/main.o
 .debug_macro   0x00015ece       0x34 ./Core/Src/main.o
 .debug_macro   0x00015f02       0x10 ./Core/Src/main.o
 .debug_macro   0x00015f12      0x14e ./Core/Src/packet.o
 .debug_macro   0x00016060      0x19d ./Core/Src/stm32f1xx_hal_msp.o
 .debug_macro   0x000161fd      0x1a7 ./Core/Src/stm32f1xx_it.o
 .debug_macro   0x000163a4      0x274 ./Core/Src/syscalls.o
 .debug_macro   0x00016618       0x5b ./Core/Src/syscalls.o
 .debug_macro   0x00016673       0x94 ./Core/Src/syscalls.o
 .debug_macro   0x00016707       0x57 ./Core/Src/syscalls.o
 .debug_macro   0x0001675e       0x10 ./Core/Src/syscalls.o
 .debug_macro   0x0001676e       0x10 ./Core/Src/syscalls.o
 .debug_macro   0x0001677e       0x10 ./Core/Src/syscalls.o
 .debug_macro   0x0001678e       0x10 ./Core/Src/syscalls.o
 .debug_macro   0x0001679e       0x1c ./Core/Src/syscalls.o
 .debug_macro   0x000167ba       0x52 ./Core/Src/syscalls.o
 .debug_macro   0x0001680c       0x22 ./Core/Src/syscalls.o
 .debug_macro   0x0001682e       0x10 ./Core/Src/syscalls.o
 .debug_macro   0x0001683e       0x52 ./Core/Src/syscalls.o
 .debug_macro   0x00016890       0xcf ./Core/Src/syscalls.o
 .debug_macro   0x0001695f       0x1c ./Core/Src/syscalls.o
 .debug_macro   0x0001697b       0x3d ./Core/Src/syscalls.o
 .debug_macro   0x000169b8       0x35 ./Core/Src/syscalls.o
 .debug_macro   0x000169ed      0x12c ./Core/Src/syscalls.o
 .debug_macro   0x00016b19       0x16 ./Core/Src/syscalls.o
 .debug_macro   0x00016b2f       0x16 ./Core/Src/syscalls.o
 .debug_macro   0x00016b45       0x29 ./Core/Src/syscalls.o
 .debug_macro   0x00016b6e       0x10 ./Core/Src/syscalls.o
 .debug_macro   0x00016b7e      0x242 ./Core/Src/syscalls.o
 .debug_macro   0x00016dc0       0x10 ./Core/Src/syscalls.o
 .debug_macro   0x00016dd0      0x18a ./Core/Src/syscalls.o
 .debug_macro   0x00016f5a       0x16 ./Core/Src/syscalls.o
 .debug_macro   0x00016f70       0xce ./Core/Src/syscalls.o
 .debug_macro   0x0001703e      0x112 ./Core/Src/sysmem.o
 .debug_macro   0x00017150      0x23c ./Core/Src/sysmem.o
 .debug_macro   0x0001738c      0x18e ./Core/Src/system_stm32f1xx.o
 .debug_macro   0x0001751a       0x73 ./Core/Src/Util/id.o
 .debug_macro   0x0001758d      0x1b2 ./Drivers/STM32F1xx_HAL_Driver/Src/stm32f1xx_hal.o
 .debug_macro   0x0001773f      0x18e ./Drivers/STM32F1xx_HAL_Driver/Src/stm32f1xx_hal_cortex.o
 .debug_macro   0x000178cd      0x1f9 ./Drivers/STM32F1xx_HAL_Driver/Src/stm32f1xx_hal_gpio.o
 .debug_macro   0x00017ac6      0x1a0 ./Drivers/STM32F1xx_HAL_Driver/Src/stm32f1xx_hal_rcc.o
 .debug_macro   0x00017c66      0x196 ./Drivers/STM32F1xx_HAL_Driver/Src/stm32f1xx_hal_spi.o

.debug_line     0x00000000     0x7085
 .debug_line    0x00000000      0x947 ./Core/Src/LoRa.o
 .debug_line    0x00000947      0x7ed ./Core/Src/main.o
 .debug_line    0x00001134      0x451 ./Core/Src/packet.o
 .debug_line    0x00001585      0x520 ./Core/Src/stm32f1xx_hal_msp.o
 .debug_line    0x00001aa5      0x593 ./Core/Src/stm32f1xx_it.o
 .debug_line    0x00002038      0x64c ./Core/Src/syscalls.o
 .debug_line    0x00002684      0x328 ./Core/Src/sysmem.o
 .debug_line    0x000029ac      0x54a ./Core/Src/system_stm32f1xx.o
 .debug_line    0x00002ef6      0x239 ./Core/Src/Util/id.o
 .debug_line    0x0000312f       0x78 ./Core/Startup/startup_stm32f103c8tx.o
 .debug_line    0x000031a7      0x77b ./Drivers/STM32F1xx_HAL_Driver/Src/stm32f1xx_hal.o
 .debug_line    0x00003922      0x945 ./Drivers/STM32F1xx_HAL_Driver/Src/stm32f1xx_hal_cortex.o
 .debug_line    0x00004267      0x7d8 ./Drivers/STM32F1xx_HAL_Driver/Src/stm32f1xx_hal_gpio.o
 .debug_line    0x00004a3f      0xc34 ./Drivers/STM32F1xx_HAL_Driver/Src/stm32f1xx_hal_rcc.o
 .debug_line    0x00005673     0x1a12 ./Drivers/STM32F1xx_HAL_Driver/Src/stm32f1xx_hal_spi.o

.debug_str      0x00000000    0x83df0
 .debug_str     0x00000000    0x83df0 ./Core/Src/LoRa.o
                              0x7ce88 (size before relaxing)
 .debug_str     0x00083df0    0x80c6e ./Core/Src/main.o
 .debug_str     0x00083df0     0x7484 ./Core/Src/packet.o
 .debug_str     0x00083df0    0x7c881 ./Core/Src/stm32f1xx_hal_msp.o
 .debug_str     0x00083df0    0x7c47b ./Core/Src/stm32f1xx_it.o
 .debug_str     0x00083df0     0x9984 ./Core/Src/syscalls.o
 .debug_str     0x00083df0     0x7722 ./Core/Src/sysmem.o
 .debug_str     0x00083df0    0x7c24b ./Core/Src/system_stm32f1xx.o
 .debug_str     0x00083df0     0x3dd2 ./Core/Src/Util/id.o
 .debug_str     0x00083df0       0x7c ./Core/Startup/startup_stm32f103c8tx.o
 .debug_str     0x00083df0    0x7c97e ./Drivers/STM32F1xx_HAL_Driver/Src/stm32f1xx_hal.o
 .debug_str     0x00083df0    0x7c8ca ./Drivers/STM32F1xx_HAL_Driver/Src/stm32f1xx_hal_cortex.o
 .debug_str     0x00083df0    0x7c5d1 ./Drivers/STM32F1xx_HAL_Driver/Src/stm32f1xx_hal_gpio.o
 .debug_str     0x00083df0    0x7c67a ./Drivers/STM32F1xx_HAL_Driver/Src/stm32f1xx_hal_rcc.o
 .debug_str     0x00083df0    0x7cb71 ./Drivers/STM32F1xx_HAL_Driver/Src/stm32f1xx_hal_spi.o

.comment        0x00000000       0x43
 .comment       0x00000000       0x43 ./Core/Src/LoRa.o
                                 0x44 (size before relaxing)
 .comment       0x00000043       0x44 ./Core/Src/main.o
 .comment       0x00000043       0x44 ./Core/Src/packet.o
 .comment       0x00000043       0x44 ./Core/Src/stm32f1xx_hal_msp.o
 .comment       0x00000043       0x44 ./Core/Src/stm32f1xx_it.o
 .comment       0x00000043       0x44 ./Core/Src/syscalls.o
 .comment       0x00000043       0x44 ./Core/Src/sysmem.o
 .comment       0x00000043       0x44 ./Core/Src/system_stm32f1xx.o
 .comment       0x00000043       0x44 ./Core/Src/Util/id.o
 .comment       0x00000043       0x44 ./Drivers/STM32F1xx_HAL_Driver/Src/stm32f1xx_hal.o
 .comment       0x00000043       0x44 ./Drivers/STM32F1xx_HAL_Driver/Src/stm32f1xx_hal_cortex.o
 .comment       0x00000043       0x44 ./Drivers/STM32F1xx_HAL_Driver/Src/stm32f1xx_hal_gpio.o
 .comment       0x00000043       0x44 ./Drivers/STM32F1xx_HAL_Driver/Src/stm32f1xx_hal_rcc.o
 .comment       0x00000043       0x44 ./Drivers/STM32F1xx_HAL_Driver/Src/stm32f1xx_hal_spi.o

.debug_frame    0x00000000     0x262c
 .debug_frame   0x00000000      0x338 ./Core/Src/LoRa.o
 .debug_frame   0x00000338       0xf4 ./Core/Src/main.o
 .debug_frame   0x0000042c       0xa4 ./Core/Src/packet.o
 .debug_frame   0x000004d0       0x80 ./Core/Src/stm32f1xx_hal_msp.o
 .debug_frame   0x00000550      0x120 ./Core/Src/stm32f1xx_it.o
 .debug_frame   0x00000670      0x2ac ./Core/Src/syscalls.o
 .debug_frame   0x0000091c       0x34 ./Core/Src/sysmem.o
 .debug_frame   0x00000950       0x58 ./Core/Src/system_stm32f1xx.o
 .debug_frame   0x000009a8       0x5c ./Core/Src/Util/id.o
 .debug_frame   0x00000a04      0x334 ./Drivers/STM32F1xx_HAL_Driver/Src/stm32f1xx_hal.o
 .debug_frame   0x00000d38      0x428 ./Drivers/STM32F1xx_HAL_Driver/Src/stm32f1xx_hal_cortex.o
 .debug_frame   0x00001160      0x14c ./Drivers/STM32F1xx_HAL_Driver/Src/stm32f1xx_hal_gpio.o
 .debug_frame   0x000012ac      0x218 ./Drivers/STM32F1xx_HAL_Driver/Src/stm32f1xx_hal_rcc.o
 .debug_frame   0x000014c4      0x824 ./Drivers/STM32F1xx_HAL_Driver/Src/stm32f1xx_hal_spi.o
 .debug_frame   0x00001ce8      0x144 /home/royivri/st/stm32cubeclt_1.19.0/GNU-tools-for-STM32/bin/../lib/gcc/arm-none-eabi/13.3.1/../../../../arm-none-eabi/lib/thumb/v7-m/nofp/libc_nano.a(libc_a-findfp.o)
 .debug_frame   0x00001e2c       0x34 /home/royivri/st/stm32cubeclt_1.19.0/GNU-tools-for-STM32/bin/../lib/gcc/arm-none-eabi/13.3.1/../../../../arm-none-eabi/lib/thumb/v7-m/nofp/libc_nano.a(libc_a-fwalk.o)
 .debug_frame   0x00001e60       0x6c /home/royivri/st/stm32cubeclt_1.19.0/GNU-tools-for-STM32/bin/../lib/gcc/arm-none-eabi/13.3.1/../../../../arm-none-eabi/lib/thumb/v7-m/nofp/libc_nano.a(libc_a-printf.o)
 .debug_frame   0x00001ecc       0x88 /home/royivri/st/stm32cubeclt_1.19.0/GNU-tools-for-STM32/bin/../lib/gcc/arm-none-eabi/13.3.1/../../../../arm-none-eabi/lib/thumb/v7-m/nofp/libc_nano.a(libc_a-stdio.o)
 .debug_frame   0x00001f54       0x20 /home/royivri/st/stm32cubeclt_1.19.0/GNU-tools-for-STM32/bin/../lib/gcc/arm-none-eabi/13.3.1/../../../../arm-none-eabi/lib/thumb/v7-m/nofp/libc_nano.a(libc_a-memset.o)
 .debug_frame   0x00001f74       0x2c /home/royivri/st/stm32cubeclt_1.19.0/GNU-tools-for-STM32/bin/../lib/gcc/arm-none-eabi/13.3.1/../../../../arm-none-eabi/lib/thumb/v7-m/nofp/libc_nano.a(libc_a-closer.o)
 .debug_frame   0x00001fa0       0x38 /home/royivri/st/stm32cubeclt_1.19.0/GNU-tools-for-STM32/bin/../lib/gcc/arm-none-eabi/13.3.1/../../../../arm-none-eabi/lib/thumb/v7-m/nofp/libc_nano.a(libc_a-reent.o)
 .debug_frame   0x00001fd8       0x2c /home/royivri/st/stm32cubeclt_1.19.0/GNU-tools-for-STM32/bin/../lib/gcc/arm-none-eabi/13.3.1/../../../../arm-none-eabi/lib/thumb/v7-m/nofp/libc_nano.a(libc_a-lseekr.o)
 .debug_frame   0x00002004       0x2c /home/royivri/st/stm32cubeclt_1.19.0/GNU-tools-for-STM32/bin/../lib/gcc/arm-none-eabi/13.3.1/../../../../arm-none-eabi/lib/thumb/v7-m/nofp/libc_nano.a(libc_a-readr.o)
 .debug_frame   0x00002030       0x2c /home/royivri/st/stm32cubeclt_1.19.0/GNU-tools-for-STM32/bin/../lib/gcc/arm-none-eabi/13.3.1/../../../../arm-none-eabi/lib/thumb/v7-m/nofp/libc_nano.a(libc_a-writer.o)
 .debug_frame   0x0000205c       0x20 /home/royivri/st/stm32cubeclt_1.19.0/GNU-tools-for-STM32/bin/../lib/gcc/arm-none-eabi/13.3.1/../../../../arm-none-eabi/lib/thumb/v7-m/nofp/libc_nano.a(libc_a-errno.o)
 .debug_frame   0x0000207c       0x2c /home/royivri/st/stm32cubeclt_1.19.0/GNU-tools-for-STM32/bin/../lib/gcc/arm-none-eabi/13.3.1/../../../../arm-none-eabi/lib/thumb/v7-m/nofp/libc_nano.a(libc_a-init.o)
 .debug_frame   0x000020a8       0xb0 /home/royivri/st/stm32cubeclt_1.19.0/GNU-tools-for-STM32/bin/../lib/gcc/arm-none-eabi/13.3.1/../../../../arm-none-eabi/lib/thumb/v7-m/nofp/libc_nano.a(libc_a-lock.o)
 .debug_frame   0x00002158       0x28 /home/royivri/st/stm32cubeclt_1.19.0/GNU-tools-for-STM32/bin/../lib/gcc/arm-none-eabi/13.3.1/../../../../arm-none-eabi/lib/thumb/v7-m/nofp/libc_nano.a(libc_a-memcpy-stub.o)
 .debug_frame   0x00002180       0x38 /home/royivri/st/stm32cubeclt_1.19.0/GNU-tools-for-STM32/bin/../lib/gcc/arm-none-eabi/13.3.1/../../../../arm-none-eabi/lib/thumb/v7-m/nofp/libc_nano.a(libc_a-freer.o)
 .debug_frame   0x000021b8       0x50 /home/royivri/st/stm32cubeclt_1.19.0/GNU-tools-for-STM32/bin/../lib/gcc/arm-none-eabi/13.3.1/../../../../arm-none-eabi/lib/thumb/v7-m/nofp/libc_nano.a(libc_a-mallocr.o)
 .debug_frame   0x00002208       0x30 /home/royivri/st/stm32cubeclt_1.19.0/GNU-tools-for-STM32/bin/../lib/gcc/arm-none-eabi/13.3.1/../../../../arm-none-eabi/lib/thumb/v7-m/nofp/libc_nano.a(libc_a-mlock.o)
 .debug_frame   0x00002238       0xa8 /home/royivri/st/stm32cubeclt_1.19.0/GNU-tools-for-STM32/bin/../lib/gcc/arm-none-eabi/13.3.1/../../../../arm-none-eabi/lib/thumb/v7-m/nofp/libc_nano.a(libc_a-nano-vfprintf.o)
 .debug_frame   0x000022e0       0x60 /home/royivri/st/stm32cubeclt_1.19.0/GNU-tools-for-STM32/bin/../lib/gcc/arm-none-eabi/13.3.1/../../../../arm-none-eabi/lib/thumb/v7-m/nofp/libc_nano.a(libc_a-nano-vfprintf_i.o)
 .debug_frame   0x00002340       0x5c /home/royivri/st/stm32cubeclt_1.19.0/GNU-tools-for-STM32/bin/../lib/gcc/arm-none-eabi/13.3.1/../../../../arm-none-eabi/lib/thumb/v7-m/nofp/libc_nano.a(libc_a-fflush.o)
 .debug_frame   0x0000239c       0x40 /home/royivri/st/stm32cubeclt_1.19.0/GNU-tools-for-STM32/bin/../lib/gcc/arm-none-eabi/13.3.1/../../../../arm-none-eabi/lib/thumb/v7-m/nofp/libc_nano.a(libc_a-wbuf.o)
 .debug_frame   0x000023dc       0x2c /home/royivri/st/stm32cubeclt_1.19.0/GNU-tools-for-STM32/bin/../lib/gcc/arm-none-eabi/13.3.1/../../../../arm-none-eabi/lib/thumb/v7-m/nofp/libc_nano.a(libc_a-wsetup.o)
 .debug_frame   0x00002408       0x2c /home/royivri/st/stm32cubeclt_1.19.0/GNU-tools-for-STM32/bin/../lib/gcc/arm-none-eabi/13.3.1/../../../../arm-none-eabi/lib/thumb/v7-m/nofp/libc_nano.a(libc_a-sbrkr.o)
 .debug_frame   0x00002434       0x28 /home/royivri/st/stm32cubeclt_1.19.0/GNU-tools-for-STM32/bin/../lib/gcc/arm-none-eabi/13.3.1/../../../../arm-none-eabi/lib/thumb/v7-m/nofp/libc_nano.a(libc_a-memchr-stub.o)
 .debug_frame   0x0000245c       0x58 /home/royivri/st/stm32cubeclt_1.19.0/GNU-tools-for-STM32/bin/../lib/gcc/arm-none-eabi/13.3.1/../../../../arm-none-eabi/lib/thumb/v7-m/nofp/libc_nano.a(libc_a-makebuf.o)
 .debug_frame   0x000024b4       0x2c /home/royivri/st/stm32cubeclt_1.19.0/GNU-tools-for-STM32/bin/../lib/gcc/arm-none-eabi/13.3.1/../../../../arm-none-eabi/lib/thumb/v7-m/nofp/libc_nano.a(libc_a-fstatr.o)
 .debug_frame   0x000024e0       0x2c /home/royivri/st/stm32cubeclt_1.19.0/GNU-tools-for-STM32/bin/../lib/gcc/arm-none-eabi/13.3.1/../../../../arm-none-eabi/lib/thumb/v7-m/nofp/libc_nano.a(libc_a-isattyr.o)
 .debug_frame   0x0000250c       0xac /home/royivri/st/stm32cubeclt_1.19.0/GNU-tools-for-STM32/bin/../lib/gcc/arm-none-eabi/13.3.1/thumb/v7-m/nofp/libgcc.a(_arm_addsubdf3.o)
 .debug_frame   0x000025b8       0x50 /home/royivri/st/stm32cubeclt_1.19.0/GNU-tools-for-STM32/bin/../lib/gcc/arm-none-eabi/13.3.1/thumb/v7-m/nofp/libgcc.a(_arm_muldivdf3.o)
 .debug_frame   0x00002608       0x24 /home/royivri/st/stm32cubeclt_1.19.0/GNU-tools-for-STM32/bin/../lib/gcc/arm-none-eabi/13.3.1/thumb/v7-m/nofp/libgcc.a(_arm_fixdfsi.o)

.debug_line_str
                0x00000000       0x60
 .debug_line_str
                0x00000000       0x60 ./Core/Startup/startup_stm32f103c8tx.o
